Component: Arm Compiler for Embedded 6.22 Tool: armlink [5ee90200]

==============================================================================

Section Cross References

    startup_stm32l073xx.o(STACK) refers (Special) to heapauxi.o(.text) for __use_two_region_memory
    startup_stm32l073xx.o(HEAP) refers (Special) to heapauxi.o(.text) for __use_two_region_memory
    startup_stm32l073xx.o(RESET) refers (Special) to heapauxi.o(.text) for __use_two_region_memory
    startup_stm32l073xx.o(RESET) refers to startup_stm32l073xx.o(STACK) for __initial_sp
    startup_stm32l073xx.o(RESET) refers to startup_stm32l073xx.o(.text) for Reset_Handler
    startup_stm32l073xx.o(RESET) refers to stm32l0xx_it.o(.text.NMI_Handler) for NMI_Handler
    startup_stm32l073xx.o(RESET) refers to stm32l0xx_it.o(.text.HardFault_Handler) for HardFault_Handler
    startup_stm32l073xx.o(RESET) refers to stm32l0xx_it.o(.text.SVC_Handler) for SVC_Handler
    startup_stm32l073xx.o(RESET) refers to stm32l0xx_it.o(.text.PendSV_Handler) for PendSV_Handler
    startup_stm32l073xx.o(RESET) refers to stm32l0xx_it.o(.text.SysTick_Handler) for SysTick_Handler
    startup_stm32l073xx.o(RESET) refers to stm32l0xx_it.o(.text.PVD_IRQHandler) for PVD_IRQHandler
    startup_stm32l073xx.o(RESET) refers to stm32l0xx_it.o(.text.TIM7_IRQHandler) for TIM7_IRQHandler
    startup_stm32l073xx.o(RESET) refers to stm32l0xx_it.o(.text.I2C1_IRQHandler) for I2C1_IRQHandler
    startup_stm32l073xx.o(RESET) refers to stm32l0xx_it.o(.text.USART2_IRQHandler) for USART2_IRQHandler
    startup_stm32l073xx.o(.text) refers (Special) to heapauxi.o(.text) for __use_two_region_memory
    startup_stm32l073xx.o(.text) refers to system_stm32l0xx.o(.text.SystemInit) for SystemInit
    startup_stm32l073xx.o(.text) refers to __main.o(!!!main) for __main
    startup_stm32l073xx.o(.text) refers to startup_stm32l073xx.o(HEAP) for Heap_Mem
    startup_stm32l073xx.o(.text) refers to startup_stm32l073xx.o(STACK) for Stack_Mem
    main.o(.text.delay) refers to main.o(.bss.htim6) for htim6
    main.o(.ARM.exidx.text.delay) refers to main.o(.text.delay) for [Anonymous Symbol]
    main.o(.text.Set_Pin_Output) refers to stm32l0xx_hal_gpio.o(.text.HAL_GPIO_Init) for HAL_GPIO_Init
    main.o(.ARM.exidx.text.Set_Pin_Output) refers to main.o(.text.Set_Pin_Output) for [Anonymous Symbol]
    main.o(.text.Set_Pin_Input) refers to stm32l0xx_hal_gpio.o(.text.HAL_GPIO_Init) for HAL_GPIO_Init
    main.o(.ARM.exidx.text.Set_Pin_Input) refers to main.o(.text.Set_Pin_Input) for [Anonymous Symbol]
    main.o(.text.DHT11_Start) refers to main.o(.text.Set_Pin_Output) for Set_Pin_Output
    main.o(.text.DHT11_Start) refers to stm32l0xx_hal_gpio.o(.text.HAL_GPIO_WritePin) for HAL_GPIO_WritePin
    main.o(.text.DHT11_Start) refers to main.o(.text.delay) for delay
    main.o(.text.DHT11_Start) refers to main.o(.text.Set_Pin_Input) for Set_Pin_Input
    main.o(.ARM.exidx.text.DHT11_Start) refers to main.o(.text.DHT11_Start) for [Anonymous Symbol]
    main.o(.text.DHT11_Check_Response) refers to main.o(.text.delay) for delay
    main.o(.text.DHT11_Check_Response) refers to stm32l0xx_hal_gpio.o(.text.HAL_GPIO_ReadPin) for HAL_GPIO_ReadPin
    main.o(.ARM.exidx.text.DHT11_Check_Response) refers to main.o(.text.DHT11_Check_Response) for [Anonymous Symbol]
    main.o(.text.DHT11_Read) refers to stm32l0xx_hal_gpio.o(.text.HAL_GPIO_ReadPin) for HAL_GPIO_ReadPin
    main.o(.text.DHT11_Read) refers to main.o(.text.delay) for delay
    main.o(.ARM.exidx.text.DHT11_Read) refers to main.o(.text.DHT11_Read) for [Anonymous Symbol]
    main.o(.text.ReadHumidity) refers to main.o(.text.DHT11_Start) for DHT11_Start
    main.o(.text.ReadHumidity) refers to main.o(.text.DHT11_Check_Response) for DHT11_Check_Response
    main.o(.text.ReadHumidity) refers to main.o(.text.DHT11_Read) for DHT11_Read
    main.o(.ARM.exidx.text.ReadHumidity) refers to main.o(.text.ReadHumidity) for [Anonymous Symbol]
    main.o(.text.HandleError) refers to stm32l0xx_hal_uart.o(.text.HAL_UART_GetError) for HAL_UART_GetError
    main.o(.text.HandleError) refers to main.o(.bss.huart2) for huart2
    main.o(.ARM.exidx.text.HandleError) refers to main.o(.text.HandleError) for [Anonymous Symbol]
    main.o(.text.HAL_TIM_PeriodElapsedCallback) refers to main.o(.text.ReadHumidity) for ReadHumidity
    main.o(.text.HAL_TIM_PeriodElapsedCallback) refers to strlen.o(.text) for strlen
    main.o(.text.HAL_TIM_PeriodElapsedCallback) refers to stm32l0xx_hal_uart.o(.text.HAL_UART_Transmit) for HAL_UART_Transmit
    main.o(.text.HAL_TIM_PeriodElapsedCallback) refers to stm32l0xx_hal_tim.o(.text.HAL_TIM_Base_Stop_IT) for HAL_TIM_Base_Stop_IT
    main.o(.text.HAL_TIM_PeriodElapsedCallback) refers to ssd1306.o(.text.ssd1306_Fill) for ssd1306_Fill
    main.o(.text.HAL_TIM_PeriodElapsedCallback) refers to ssd1306.o(.text.ssd1306_SetCursor) for ssd1306_SetCursor
[...]
    __arm_cp.2_3                             0x08006a20   Number         4  stm32l0xx_hal_uart.o(.text.UART_SetConfig)
    __arm_cp.2_4                             0x08006a24   Number         4  stm32l0xx_hal_uart.o(.text.UART_SetConfig)
    __arm_cp.2_5                             0x08006a28   Number         4  stm32l0xx_hal_uart.o(.text.UART_SetConfig)
    __arm_cp.2_6                             0x08006a2c   Number         4  stm32l0xx_hal_uart.o(.text.UART_SetConfig)
    __arm_cp.2_7                             0x08006a30   Number         4  stm32l0xx_hal_uart.o(.text.UART_SetConfig)
    __arm_cp.2_8                             0x08006a34   Number         4  stm32l0xx_hal_uart.o(.text.UART_SetConfig)
    __arm_cp.2_9                             0x08006a38   Number         4  stm32l0xx_hal_uart.o(.text.UART_SetConfig)
    [Anonymous Symbol]                       0x08006a3c   Section        0  stm32l0xx_hal_uart.o(.text.UART_WaitOnFlagUntilTimeout)
    [Anonymous Symbol]                       0x08006b34   Section        0  stm32l0xx_it.o(.text.USART2_IRQHandler)
    __NVIC_EnableIRQ                         0x08006b41   Thumb Code    40  stm32l0xx_hal_cortex.o(.text.__NVIC_EnableIRQ)
    [Anonymous Symbol]                       0x08006b40   Section        0  stm32l0xx_hal_cortex.o(.text.__NVIC_EnableIRQ)
    __arm_cp.3_0                             0x08006b68   Number         4  stm32l0xx_hal_cortex.o(.text.__NVIC_EnableIRQ)
    __NVIC_SetPriority                       0x08006b6d   Thumb Code   124  stm32l0xx_hal_cortex.o(.text.__NVIC_SetPriority)
    [Anonymous Symbol]                       0x08006b6c   Section        0  stm32l0xx_hal_cortex.o(.text.__NVIC_SetPriority)
    __arm_cp.1_0                             0x08006be8   Number         4  stm32l0xx_hal_cortex.o(.text.__NVIC_SetPriority)
    __arm_cp.1_1                             0x08006bec   Number         4  stm32l0xx_hal_cortex.o(.text.__NVIC_SetPriority)
    [Anonymous Symbol]                       0x08006bf0   Section        0  main.o(.text.delay)
    [Anonymous Symbol]                       0x08006c18   Section        0  main.o(.text.main)
    __arm_cp.9_0                             0x08006c8c   Number         4  main.o(.text.main)
    __arm_cp.9_1                             0x08006c90   Number         4  main.o(.text.main)
    __arm_cp.9_2                             0x08006c94   Number         4  main.o(.text.main)
    __arm_cp.9_3                             0x08006c98   Number         4  main.o(.text.main)
    __arm_cp.9_4                             0x08006c9c   Number         4  main.o(.text.main)
    __arm_cp.9_5                             0x08006ca0   Number         4  main.o(.text.main)
    [Anonymous Symbol]                       0x08006ca4   Section        0  ssd1306.o(.text.ssd1306_DrawPixel)
    [Anonymous Symbol]                       0x08006d30   Section        0  ssd1306.o(.text.ssd1306_Fill)
    [Anonymous Symbol]                       0x08006d70   Section        0  ssd1306.o(.text.ssd1306_Init)
    [Anonymous Symbol]                       0x08006f80   Section        0  ssd1306.o(.text.ssd1306_SetCursor)
    __arm_cp.8_0                             0x08006f9c   Number         4  ssd1306.o(.text.ssd1306_SetCursor)
    [Anonymous Symbol]                       0x08006fa0   Section        0  ssd1306.o(.text.ssd1306_UpdateScreen)
    __arm_cp.3_0                             0x08007004   Number         4  ssd1306.o(.text.ssd1306_UpdateScreen)
    [Anonymous Symbol]                       0x08007008   Section        0  ssd1306.o(.text.ssd1306_WriteChar)
    __arm_cp.5_0                             0x080070f8   Number         4  ssd1306.o(.text.ssd1306_WriteChar)
    ssd1306_WriteCommand                     0x080070fd   Thumb Code    40  ssd1306.o(.text.ssd1306_WriteCommand)
    [Anonymous Symbol]                       0x080070fc   Section        0  ssd1306.o(.text.ssd1306_WriteCommand)
    [Anonymous Symbol]                       0x08007124   Section        0  ssd1306.o(.text.ssd1306_WriteString)
    i.__ARM_common_ll_muluu                  0x0800717c   Section        0  btod.o(i.__ARM_common_ll_muluu)
    i.__ARM_fpclassify                       0x080071ac   Section        0  fpclassify.o(i.__ARM_fpclassify)
    i._is_digit                              0x080071d8   Section        0  __printf_wp.o(i._is_digit)
    locale$$code                             0x080071e8   Section       44  lc_numeric_c.o(locale$$code)
    locale$$code                             0x08007214   Section       44  lc_ctype_c.o(locale$$code)
    x$fpl$fadd                               0x08007240   Section      140  faddsub.o(x$fpl$fadd)
    _fadd1                                   0x0800724d   Thumb Code     0  faddsub.o(x$fpl$fadd)
    x$fpl$fsub                               0x080072cc   Section      208  faddsub.o(x$fpl$fsub)
    _fsub1                                   0x080072d9   Thumb Code     0  faddsub.o(x$fpl$fsub)
    x$fpl$printf1                            0x0800739c   Section       16  printf1.o(x$fpl$printf1)
    x$fpl$printf2                            0x080073ac   Section       16  printf2.o(x$fpl$printf2)
    fdiv_tab                                 0x080073bc   Data          64  fdiv.o(.constdata)
    .constdata                               0x080073bc   Section       64  fdiv.o(.constdata)
    x$fpl$usenofp                            0x080073bc   Section        0  usenofp.o(x$fpl$usenofp)
    initial_mbstate                          0x080073fc   Data           8  _printf_wctomb.o(.constdata)
    .constdata                               0x080073fc   Section        8  _printf_wctomb.o(.constdata)
    uc_hextab                                0x08007404   Data          20  _printf_hex_int_ll_ptr.o(.constdata)
    .constdata                               0x08007404   Section       40  _printf_hex_int_ll_ptr.o(.constdata)
    lc_hextab                                0x08007418   Data          20  _printf_hex_int_ll_ptr.o(.constdata)
    maptable                                 0x0800742c   Data          17  __printf_flags_ss_wp.o(.constdata)
    .constdata                               0x0800742c   Section       17  __printf_flags_ss_wp.o(.constdata)
    lc_hextab                                0x0800743d   Data          19  _printf_fp_hex.o(.constdata)
    .constdata                               0x0800743d   Section       38  _printf_fp_hex.o(.constdata)
    uc_hextab                                0x08007450   Data          19  _printf_fp_hex.o(.constdata)
    tenpwrs_x                                0x08007464   Data          60  bigflt0.o(.constdata)
    .constdata                               0x08007464   Section      148  bigflt0.o(.constdata)
    tenpwrs_i                                0x080074a0   Data          64  bigflt0.o(.constdata)
    Font11x18                                0x08007510   Data        3420  fonts.o(.rodata.Font11x18)
    [Anonymous Symbol]                       0x08007510   Section        0  fonts.o(.rodata.Font11x18)
    [Anonymous Symbol]                       0x08008275   Section        0  main.o(.rodata.str1.1)
    locale$$data                             0x08008304   Section       28  lc_numeric_c.o(locale$$data)
    __lcnum_c_name                           0x08008308   Data           2  lc_numeric_c.o(locale$$data)
    __lcnum_c_start                          0x08008310   Data           0  lc_numeric_c.o(locale$$data)
    __lcnum_c_point                          0x0800831c   Data           0  lc_numeric_c.o(locale$$data)
    __lcnum_c_thousands                      0x0800831e   Data           0  lc_numeric_c.o(locale$$data)
    __lcnum_c_grouping                       0x0800831f   Data           0  lc_numeric_c.o(locale$$data)
    __lcnum_c_end                            0x08008320   Data           0  lc_numeric_c.o(locale$$data)
    locale$$data                             0x08008320   Section      272  lc_ctype_c.o(locale$$data)
    __lcctype_c_name                         0x08008324   Data           2  lc_ctype_c.o(locale$$data)
    __lcctype_c_start                        0x0800832c   Data           0  lc_ctype_c.o(locale$$data)
    __lcctype_c_end                          0x08008430   Data           0  lc_ctype_c.o(locale$$data)
    .bss                                     0x20000018   Section       96  libspace.o(.bss)
    SSD1306                                  0x20000094   Data           6  ssd1306.o(.bss.SSD1306)
    [Anonymous Symbol]                       0x20000094   Section        0  ssd1306.o(.bss.SSD1306)
    SSD1306_Buffer                           0x2000009a   Data        1024  ssd1306.o(.bss.SSD1306_Buffer)
    [Anonymous Symbol]                       0x2000009a   Section        0  ssd1306.o(.bss.SSD1306_Buffer)
    Heap_Mem                                 0x20000650   Data         512  startup_stm32l073xx.o(HEAP)
    HEAP                                     0x20000650   Section      512  startup_stm32l073xx.o(HEAP)
    Stack_Mem                                0x20000850   Data        1024  startup_stm32l073xx.o(STACK)
    STACK                                    0x20000850   Section     1024  startup_stm32l073xx.o(STACK)
    __initial_sp                             0x20000c50   Data           0  startup_stm32l073xx.o(STACK)

    Global Symbols

    Symbol Name                              Value     Ov Type        Size  Object(Section)

    BuildAttributes$$THM_ISAv3M$S$PE$A:L22$X:L11$S22$IEEE1$IW$~IW$USESV6$~STKCKD$USESV7$~SHL$OTIME$ROPI$IEEEJ$EBA8$UX$STANDARDLIB$REQ8$PRES8$EABIv2 0x00000000   Number         0  anon$$obj.o ABSOLUTE
    _printf_flags                            0x00000000   Number         0  printf_stubs.o ABSOLUTE
    _printf_return_value                     0x00000000   Number         0  printf_stubs.o ABSOLUTE
    _printf_sizespec                         0x00000000   Number         0  printf_stubs.o ABSOLUTE
    _printf_widthprec                        0x00000000   Number         0  printf_stubs.o ABSOLUTE
    __ARM_exceptions_init                     - Undefined Weak Reference
    __alloca_initialize                       - Undefined Weak Reference
    __arm_preinit_                            - Undefined Weak Reference
    __arm_relocate_pie_                       - Undefined Weak Reference
    __cpp_initialize__aeabi_                  - Undefined Weak Reference
    __cxa_finalize                            - Undefined Weak Reference
    __sigvec_lookup                           - Undefined Weak Reference
    _atexit_init                              - Undefined Weak Reference
    _call_atexit_fns                          - Undefined Weak Reference
    _clock_init                               - Undefined Weak Reference
    _fp_trap_init                             - Undefined Weak Reference
    _fp_trap_shutdown                         - Undefined Weak Reference
    _get_lc_collate                           - Undefined Weak Reference
    _get_lc_monetary                          - Undefined Weak Reference
    _get_lc_time                              - Undefined Weak Reference
    _getenv_init                              - Undefined Weak Reference
    _handle_redirection                       - Undefined Weak Reference
    _init_alloc                               - Undefined Weak Reference
    _init_user_alloc                          - Undefined Weak Reference
    _initio                                   - Undefined Weak Reference
    _printf_mbtowc                            - Undefined Weak Reference
    _printf_wc                                - Undefined Weak Reference
    _rand_init                                - Undefined Weak Reference
    _signal_finish                            - Undefined Weak Reference
    _signal_init                              - Undefined Weak Reference
    _terminate_alloc                          - Undefined Weak Reference
    _terminate_user_alloc                     - Undefined Weak Reference
    _terminateio                              - Undefined Weak Reference
    __Vectors_Size                           0x000000c0   Number         0  startup_stm32l073xx.o ABSOLUTE
    __Vectors                                0x08000000   Data           4  startup_stm32l073xx.o(RESET)
    __Vectors_End                            0x080000c0   Data           0  startup_stm32l073xx.o(RESET)
    __main                                   0x080000c1   Thumb Code     8  __main.o(!!!main)
    __scatterload                            0x080000c9   Thumb Code     0  __scatter.o(!!!scatter)
    __scatterload_rt2                        0x080000c9   Thumb Code    74  __scatter.o(!!!scatter)
    __scatterload_rt2_thumb_only             0x080000c9   Thumb Code     0  __scatter.o(!!!scatter)
    __scatterload_loop                       0x080000d3   Thumb Code     0  __scatter.o(!!!scatter)
    __scatterload_copy                       0x0800011d   Thumb Code    26  __scatter_copy.o(!!handler_copy)
    __scatterload_null                       0x08000139   Thumb Code     2  __scatter.o(!!handler_null)
    __scatterload_zeroinit                   0x0800013d   Thumb Code    28  __scatter_zi.o(!!handler_zi)
    _printf_percent                          0x08000159   Thumb Code     0  _printf_percent.o(.ARM.Collect$$_printf_percent$$00000000)
    _printf_n                                0x0800015b   Thumb Code     0  _printf_n.o(.ARM.Collect$$_printf_percent$$00000001)
    _printf_p                                0x08000165   Thumb Code     0  _printf_p.o(.ARM.Collect$$_printf_percent$$00000002)
    _printf_f                                0x0800016f   Thumb Code     0  _printf_f.o(.ARM.Collect$$_printf_percent$$00000003)
    _printf_e                                0x08000179   Thumb Code     0  _printf_e.o(.ARM.Collect$$_printf_percent$$00000004)
    _printf_g                                0x08000183   Thumb Code     0  _printf_g.o(.ARM.Collect$$_printf_percent$$00000005)
    _printf_a                                0x0800018d   Thumb Code     0  _printf_a.o(.ARM.Collect$$_printf_percent$$00000006)
    _printf_ll                               0x08000197   Thumb Code     0  _printf_ll.o(.ARM.Collect$$_printf_percent$$00000007)
    _printf_i                                0x080001a1   Thumb Code     0  _printf_i.o(.ARM.Collect$$_printf_percent$$00000008)
    _printf_d                                0x080001ab   Thumb Code     0  _printf_d.o(.ARM.Collect$$_printf_percent$$00000009)
    _printf_u                                0x080001b5   Thumb Code     0  _printf_u.o(.ARM.Collect$$_printf_percent$$0000000A)
    _printf_o                                0x080001bf   Thumb Code     0  _printf_o.o(.ARM.Collect$$_printf_percent$$0000000B)
    _printf_x                                0x080001c9   Thumb Code     0  _printf_x.o(.ARM.Collect$$_printf_percent$$0000000C)
    _printf_lli                              0x080001d3   Thumb Code     0  _printf_lli.o(.ARM.Collect$$_printf_percent$$0000000D)
    _printf_lld                              0x080001dd   Thumb Code     0  _printf_lld.o(.ARM.Collect$$_printf_percent$$0000000E)
    _printf_llu                              0x080001e7   Thumb Code     0  _printf_llu.o(.ARM.Collect$$_printf_percent$$0000000F)
    _printf_llo                              0x080001f1   Thumb Code     0  _printf_llo.o(.ARM.Collect$$_printf_percent$$00000010)
    _printf_llx                              0x080001fb   Thumb Code     0  _printf_llx.o(.ARM.Collect$$_printf_percent$$00000011)
    _printf_l                                0x08000205   Thumb Code     0  _printf_l.o(.ARM.Collect$$_printf_percent$$00000012)
    _printf_c                                0x0800020f   Thumb Code     0  _printf_c.o(.ARM.Collect$$_printf_percent$$00000013)
    _printf_s                                0x08000219   Thumb Code     0  _printf_s.o(.ARM.Collect$$_printf_percent$$00000014)
    _printf_lc                               0x08000223   Thumb Code     0  _printf_lc.o(.ARM.Collect$$_printf_percent$$00000015)
    _printf_ls                               0x0800022d   Thumb Code     0  _printf_ls.o(.ARM.Collect$$_printf_percent$$00000016)
    _printf_percent_end                      0x08000237   Thumb Code     0  _printf_percent_end.o(.ARM.Collect$$_printf_percent$$00000017)
    __rt_lib_init                            0x0800023b   Thumb Code     0  libinit.o(.ARM.Collect$$libinit$$00000000)
    __rt_lib_init_fp_1                       0x0800023d   Thumb Code     0  libinit2.o(.ARM.Collect$$libinit$$00000002)
    __rt_lib_init_heap_1                     0x0800023d   Thumb Code     0  libinit2.o(.ARM.Collect$$libinit$$0000000C)
    __rt_lib_init_lc_common                  0x0800023d   Thumb Code     0  libinit2.o(.ARM.Collect$$libinit$$00000011)
    __rt_lib_init_preinit_1                  0x0800023d   Thumb Code     0  libinit2.o(.ARM.Collect$$libinit$$00000006)
    __rt_lib_init_rand_1                     0x0800023d   Thumb Code     0  libinit2.o(.ARM.Collect$$libinit$$00000010)
    __rt_lib_init_relocate_pie_1             0x0800023d   Thumb Code     0  libinit2.o(.ARM.Collect$$libinit$$00000004)
    __rt_lib_init_user_alloc_1               0x0800023d   Thumb Code     0  libinit2.o(.ARM.Collect$$libinit$$0000000E)
    __rt_lib_init_lc_collate_1               0x08000243   Thumb Code     0  libinit2.o(.ARM.Collect$$libinit$$00000013)
    __rt_lib_init_lc_ctype_2                 0x08000243   Thumb Code     0  libinit2.o(.ARM.Collect$$libinit$$00000014)
    __rt_lib_init_lc_ctype_1                 0x0800024f   Thumb Code     0  libinit2.o(.ARM.Collect$$libinit$$00000015)
    __rt_lib_init_lc_monetary_1              0x0800024f   Thumb Code     0  libinit2.o(.ARM.Collect$$libinit$$00000017)
    __rt_lib_init_lc_numeric_2               0x0800024f   Thumb Code     0  libinit2.o(.ARM.Collect$$libinit$$00000018)
    __rt_lib_init_alloca_1                   0x08000259   Thumb Code     0  libinit2.o(.ARM.Collect$$libinit$$00000030)
    __rt_lib_init_argv_1                     0x08000259   Thumb Code     0  libinit2.o(.ARM.Collect$$libinit$$0000002E)
    __rt_lib_init_atexit_1                   0x08000259   Thumb Code     0  libinit2.o(.ARM.Collect$$libinit$$0000001D)
    __rt_lib_init_clock_1                    0x08000259   Thumb Code     0  libinit2.o(.ARM.Collect$$libinit$$00000023)
    __rt_lib_init_cpp_1                      0x08000259   Thumb Code     0  libinit2.o(.ARM.Collect$$libinit$$00000034)
    __rt_lib_init_exceptions_1               0x08000259   Thumb Code     0  libinit2.o(.ARM.Collect$$libinit$$00000032)
    __rt_lib_init_fp_trap_1                  0x08000259   Thumb Code     0  libinit2.o(.ARM.Collect$$libinit$$00000021)
    __rt_lib_init_getenv_1                   0x08000259   Thumb Code     0  libinit2.o(.ARM.Collect$$libinit$$00000025)
    __rt_lib_init_lc_numeric_1               0x08000259   Thumb Code     0  libinit2.o(.ARM.Collect$$libinit$$00000019)
    __rt_lib_init_lc_time_1                  0x08000259   Thumb Code     0  libinit2.o(.ARM.Collect$$libinit$$0000001B)
    __rt_lib_init_return                     0x08000259   Thumb Code     0  libinit2.o(.ARM.Collect$$libinit$$00000035)
    __rt_lib_init_signal_1                   0x08000259   Thumb Code     0  libinit2.o(.ARM.Collect$$libinit$$0000001F)
    __rt_lib_init_stdio_1                    0x08000259   Thumb Code     0  libinit2.o(.ARM.Collect$$libinit$$00000027)
    __rt_lib_shutdown                        0x0800025b   Thumb Code     0  libshutdown.o(.ARM.Collect$$libshutdown$$00000000)
    __rt_lib_shutdown_cpp_1                  0x0800025d   Thumb Code     0  libshutdown2.o(.ARM.Collect$$libshutdown$$00000002)
    __rt_lib_shutdown_fp_trap_1              0x0800025d   Thumb Code     0  libshutdown2.o(.ARM.Collect$$libshutdown$$00000007)
    __rt_lib_shutdown_heap_1                 0x0800025d   Thumb Code     0  libshutdown2.o(.ARM.Collect$$libshutdown$$0000000F)
    __rt_lib_shutdown_return                 0x0800025d   Thumb Code     0  libshutdown2.o(.ARM.Collect$$libshutdown$$00000010)
    __rt_lib_shutdown_signal_1               0x0800025d   Thumb Code     0  libshutdown2.o(.ARM.Collect$$libshutdown$$0000000A)
    __rt_lib_shutdown_stdio_1                0x0800025d   Thumb Code     0  libshutdown2.o(.ARM.Collect$$libshutdown$$00000004)
    __rt_lib_shutdown_user_alloc_1           0x0800025d   Thumb Code     0  libshutdown2.o(.ARM.Collect$$libshutdown$$0000000C)
    __rt_entry                               0x0800025f   Thumb Code     0  __rtentry.o(.ARM.Collect$$rtentry$$00000000)
    __rt_entry_presh_1                       0x0800025f   Thumb Code     0  __rtentry2.o(.ARM.Collect$$rtentry$$00000002)
    __rt_entry_sh                            0x0800025f   Thumb Code     0  __rtentry4.o(.ARM.Collect$$rtentry$$00000004)
    __rt_entry_li                            0x08000265   Thumb Code     0  __rtentry2.o(.ARM.Collect$$rtentry$$0000000A)
    __rt_entry_postsh_1                      0x08000265   Thumb Code     0  __rtentry2.o(.ARM.Collect$$rtentry$$00000009)
    __rt_entry_main                          0x08000269   Thumb Code     0  __rtentry2.o(.ARM.Collect$$rtentry$$0000000D)
    __rt_entry_postli_1                      0x08000269   Thumb Code     0  __rtentry2.o(.ARM.Collect$$rtentry$$0000000C)
    __rt_exit                                0x08000271   Thumb Code     0  rtexit.o(.ARM.Collect$$rtexit$$00000000)
    __rt_exit_ls                             0x08000273   Thumb Code     0  rtexit2.o(.ARM.Collect$$rtexit$$00000003)
    __rt_exit_prels_1                        0x08000273   Thumb Code     0  rtexit2.o(.ARM.Collect$$rtexit$$00000002)
    __rt_exit_exit                           0x08000277   Thumb Code     0  rtexit2.o(.ARM.Collect$$rtexit$$00000004)
    Reset_Handler                            0x0800027d   Thumb Code     8  startup_stm32l073xx.o(.text)
    ADC1_COMP_IRQHandler                     0x0800028f   Thumb Code     0  startup_stm32l073xx.o(.text)
    DMA1_Channel1_IRQHandler                 0x0800028f   Thumb Code     0  startup_stm32l073xx.o(.text)
    DMA1_Channel2_3_IRQHandler               0x0800028f   Thumb Code     0  startup_stm32l073xx.o(.text)
    DMA1_Channel4_5_6_7_IRQHandler           0x0800028f   Thumb Code     0  startup_stm32l073xx.o(.text)
    EXTI0_1_IRQHandler                       0x0800028f   Thumb Code     0  startup_stm32l073xx.o(.text)
    EXTI2_3_IRQHandler                       0x0800028f   Thumb Code     0  startup_stm32l073xx.o(.text)
    EXTI4_15_IRQHandler                      0x0800028f   Thumb Code     0  startup_stm32l073xx.o(.text)
    FLASH_IRQHandler                         0x0800028f   Thumb Code     0  startup_stm32l073xx.o(.text)
    I2C2_IRQHandler                          0x0800028f   Thumb Code     0  startup_stm32l073xx.o(.text)
    I2C3_IRQHandler                          0x0800028f   Thumb Code     0  startup_stm32l073xx.o(.text)
    LCD_IRQHandler                           0x0800028f   Thumb Code     0  startup_stm32l073xx.o(.text)
    LPTIM1_IRQHandler                        0x0800028f   Thumb Code     0  startup_stm32l073xx.o(.text)
    RCC_CRS_IRQHandler                       0x0800028f   Thumb Code     0  startup_stm32l073xx.o(.text)
    RNG_LPUART1_IRQHandler                   0x0800028f   Thumb Code     0  startup_stm32l073xx.o(.text)
    RTC_IRQHandler                           0x0800028f   Thumb Code     0  startup_stm32l073xx.o(.text)
    SPI1_IRQHandler                          0x0800028f   Thumb Code     0  startup_stm32l073xx.o(.text)
    SPI2_IRQHandler                          0x0800028f   Thumb Code     0  startup_stm32l073xx.o(.text)
    TIM21_IRQHandler                         0x0800028f   Thumb Code     0  startup_stm32l073xx.o(.text)
    TIM22_IRQHandler                         0x0800028f   Thumb Code     0  startup_stm32l073xx.o(.text)
    TIM2_IRQHandler                          0x0800028f   Thumb Code     0  startup_stm32l073xx.o(.text)
    TIM3_IRQHandler                          0x0800028f   Thumb Code     0  startup_stm32l073xx.o(.text)
    TIM6_DAC_IRQHandler                      0x0800028f   Thumb Code     0  startup_stm32l073xx.o(.text)
    TSC_IRQHandler                           0x0800028f   Thumb Code     0  startup_stm32l073xx.o(.text)
    USART1_IRQHandler                        0x0800028f   Thumb Code     0  startup_stm32l073xx.o(.text)
    USART4_5_IRQHandler                      0x0800028f   Thumb Code     0  startup_stm32l073xx.o(.text)
    USB_IRQHandler                           0x0800028f   Thumb Code     0  startup_stm32l073xx.o(.text)
    WWDG_IRQHandler                          0x0800028f   Thumb Code     0  startup_stm32l073xx.o(.text)
    __user_initial_stackheap                 0x08000291   Thumb Code     0  startup_stm32l073xx.o(.text)
    __aeabi_lmul                             0x080002b5   Thumb Code    48  llmul.o(.text)
    _ll_mul                                  0x080002b5   Thumb Code     0  llmul.o(.text)
    __aeabi_uldivmod                         0x080002e5   Thumb Code   272  lludiv.o(.text)
    _ll_udiv                                 0x080002e5   Thumb Code     0  lludiv.o(.text)
    sprintf                                  0x080003f5   Thumb Code    40  sprintf.o(.text)
    strlen                                   0x08000421   Thumb Code    62  strlen.o(.text)
    _memset_w                                0x08000465   Thumb Code    26  rt_memclr.o(.text)
    _memset                                  0x0800047f   Thumb Code    30  rt_memclr.o(.text)
    __aeabi_memclr                           0x0800049d   Thumb Code     4  rt_memclr.o(.text)
    __rt_memclr                              0x0800049d   Thumb Code     0  rt_memclr.o(.text)
    __aeabi_memclr4                          0x080004a1   Thumb Code     0  rt_memclr.o(.text)
    __aeabi_memclr8                          0x080004a1   Thumb Code     0  rt_memclr.o(.text)
    __rt_memclr_w                            0x080004a1   Thumb Code     4  rt_memclr.o(.text)
    __aeabi_uidiv                            0x080004a5   Thumb Code     0  aeabi_sdiv.o(.text)
    __aeabi_uidivmod                         0x080004a5   Thumb Code    20  aeabi_sdiv.o(.text)
    __aeabi_idiv                             0x080004b9   Thumb Code     0  aeabi_sdiv.o(.text)
    __aeabi_idivmod                          0x080004b9   Thumb Code   338  aeabi_sdiv.o(.text)
    __use_two_region_memory                  0x08000611   Thumb Code     2  heapauxi.o(.text)
    __rt_heap_escrow$2region                 0x08000613   Thumb Code     2  heapauxi.o(.text)
    __rt_heap_expand$2region                 0x08000615   Thumb Code     2  heapauxi.o(.text)
    __aeabi_d2iz                             0x08000619   Thumb Code     0  dfixi.o(.text)
    _dfix                                    0x08000619   Thumb Code    98  dfixi.o(.text)
    __aeabi_f2d                              0x08000685   Thumb Code     0  f2d.o(.text)
    __extendsfdf2                            0x08000685   Thumb Code     0  f2d.o(.text)
    _f2d                                     0x08000685   Thumb Code    80  f2d.o(.text)
    __aeabi_fdiv                             0x080006d9   Thumb Code     0  fdiv.o(.text)
    __divsf3                                 0x080006d9   Thumb Code     0  fdiv.o(.text)
    _fdiv                                    0x080006d9   Thumb Code   334  fdiv.o(.text)
    _frdiv                                   0x08000827   Thumb Code     8  fdiv.o(.text)
    __aeabi_i2f_normalise                    0x08000839   Thumb Code    72  fflti.o(.text)
    __aeabi_i2f                              0x08000881   Thumb Code    16  fflti.o(.text)
    _fflt                                    0x08000881   Thumb Code     0  fflti.o(.text)
    __aeabi_ui2f                             0x08000891   Thumb Code     6  fflti.o(.text)
    _ffltu                                   0x08000891   Thumb Code     0  fflti.o(.text)
    _printf_pre_padding                      0x08000897   Thumb Code    44  _printf_pad.o(.text)
    _printf_post_padding                     0x080008c3   Thumb Code    34  _printf_pad.o(.text)
    _printf_truncate_signed                  0x080008e5   Thumb Code    18  _printf_truncate.o(.text)
    _printf_truncate_unsigned                0x080008f7   Thumb Code    18  _printf_truncate.o(.text)
    _printf_str                              0x08000909   Thumb Code    82  _printf_str.o(.text)
    _printf_int_dec                          0x0800095d   Thumb Code    90  _printf_dec.o(.text)
    _printf_charcount                        0x080009c9   Thumb Code    38  _printf_charcount.o(.text)
    _printf_char_common                      0x080009fb   Thumb Code    32  _printf_char_common.o(.text)
    _sputc                                   0x08000a21   Thumb Code    10  _sputc.o(.text)
    _printf_wctomb                           0x08000a2d   Thumb Code   182  _printf_wctomb.o(.text)
    _printf_longlong_dec                     0x08000ae9   Thumb Code    94  _printf_longlong_dec.o(.text)
    _printf_longlong_oct                     0x08000b59   Thumb Code    68  _printf_oct_int_ll.o(.text)
    _printf_int_oct                          0x08000b9d   Thumb Code    24  _printf_oct_int_ll.o(.text)
    _printf_ll_oct                           0x08000bb5   Thumb Code    10  _printf_oct_int_ll.o(.text)
    _printf_longlong_hex                     0x08000bc9   Thumb Code    88  _printf_hex_int_ll_ptr.o(.text)
    _printf_int_hex                          0x08000c21   Thumb Code    28  _printf_hex_int_ll_ptr.o(.text)
    _printf_ll_hex                           0x08000c3d   Thumb Code    10  _printf_hex_int_ll_ptr.o(.text)
    _printf_hex_ptr                          0x08000c47   Thumb Code    22  _printf_hex_int_ll_ptr.o(.text)
    __printf                                 0x08000c61   Thumb Code   386  __printf_flags_ss_wp.o(.text)
    _ll_udiv10                               0x08000de9   Thumb Code   122  lludiv10.o(.text)
    _printf_int_common                       0x08000e63   Thumb Code   176  _printf_intcommon.o(.text)
    _printf_fp_dec_real                      0x080010b1   Thumb Code   620  _printf_fp_dec.o(.text)
    _printf_fp_hex_real                      0x08001329   Thumb Code   718  _printf_fp_hex.o(.text)
    _printf_cs_common                        0x08001601   Thumb Code    22  _printf_char.o(.text)
    _printf_char                             0x08001617   Thumb Code    16  _printf_char.o(.text)
    _printf_string                           0x08001627   Thumb Code     8  _printf_char.o(.text)
    _printf_lcs_common                       0x0800162f   Thumb Code    22  _printf_wchar.o(.text)
    _printf_wchar                            0x08001645   Thumb Code    16  _printf_wchar.o(.text)
    _printf_wstring                          0x08001655   Thumb Code     8  _printf_wchar.o(.text)
    _c16rtomb                                0x0800165d   Thumb Code    66  _c16rtomb.o(.text)
    _wcrtomb                                 0x0800165d   Thumb Code     0  _c16rtomb.o(.text)
    __rt_udiv10                              0x0800169f   Thumb Code    40  rtudiv10.o(.text)
    __user_setup_stackheap                   0x080016c7   Thumb Code    62  sys_stackheap_outer.o(.text)
    __rt_ctype_table                         0x08001705   Thumb Code    16  rt_ctype_table.o(.text)
    __rt_locale                              0x08001715   Thumb Code     8  rt_locale_intlibspace.o(.text)
    _printf_fp_infnan                        0x0800171d   Thumb Code   120  _printf_fp_infnan.o(.text)
    _btod_etento                             0x080017a5   Thumb Code   210  bigflt0.o(.text)
    _btod_d2e                                0x0800187d   Thumb Code    64  btod.o(.text)
    _btod_emul                               0x08001cb1   Thumb Code    28  btod.o(.text)
    _btod_emuld                              0x08001ccd   Thumb Code   144  btod.o(.text)
    _btod_ediv                               0x08001d5d   Thumb Code    26  btod.o(.text)
    _btod_edivd                              0x08001d77   Thumb Code   124  btod.o(.text)
    exit                                     0x08001dfd   Thumb Code    16  exit.o(.text)
    __user_libspace                          0x08001e0d   Thumb Code     8  libspace.o(.text)
    __user_perproc_libspace                  0x08001e0d   Thumb Code     0  libspace.o(.text)
    __user_perthread_libspace                0x08001e0d   Thumb Code     0  libspace.o(.text)
    strcmp                                   0x08001e15   Thumb Code   132  strcmp.o(.text)
    _sys_exit                                0x08001e9d   Thumb Code     8  sys_exit.o(.text)
    __I$use$semihosting                      0x08001ea9   Thumb Code     0  use_no_semi.o(.text)
    __use_no_semihosting_swi                 0x08001ea9   Thumb Code     2  use_no_semi.o(.text)
    DHT11_Check_Response                     0x08001eab   Thumb Code   108  main.o(.text.DHT11_Check_Response)
    __semihosting_library_function           0x08001eab   Thumb Code     0  indicate_semi.o(.text)
    DHT11_Read                               0x08001f17   Thumb Code   154  main.o(.text.DHT11_Read)
    DHT11_Start                              0x08001fb1   Thumb Code   100  main.o(.text.DHT11_Start)
    Error_Handler                            0x08002019   Thumb Code    14  main.o(.text.Error_Handler)
    HAL_DMA_Abort                            0x08002027   Thumb Code   122  stm32l0xx_hal_dma.o(.text.HAL_DMA_Abort)
    HAL_DMA_Abort_IT                         0x080020a1   Thumb Code   124  stm32l0xx_hal_dma.o(.text.HAL_DMA_Abort_IT)
    HAL_DMA_GetState                         0x0800211d   Thumb Code    14  stm32l0xx_hal_dma.o(.text.HAL_DMA_GetState)
    HAL_Delay                                0x0800212d   Thumb Code    64  stm32l0xx_hal.o(.text.HAL_Delay)
    HAL_GPIO_Init                            0x08002171   Thumb Code   744  stm32l0xx_hal_gpio.o(.text.HAL_GPIO_Init)
    HAL_GPIO_ReadPin                         0x08002485   Thumb Code    50  stm32l0xx_hal_gpio.o(.text.HAL_GPIO_ReadPin)
    HAL_GPIO_WritePin                        0x080024b7   Thumb Code    44  stm32l0xx_hal_gpio.o(.text.HAL_GPIO_WritePin)
    HAL_GetTick                              0x080024e5   Thumb Code     8  stm32l0xx_hal.o(.text.HAL_GetTick)
    HAL_I2CEx_ConfigAnalogFilter             0x080024f1   Thumb Code   150  stm32l0xx_hal_i2c_ex.o(.text.HAL_I2CEx_ConfigAnalogFilter)
    HAL_I2CEx_ConfigDigitalFilter            0x08002587   Thumb Code   160  stm32l0xx_hal_i2c_ex.o(.text.HAL_I2CEx_ConfigDigitalFilter)
    HAL_I2C_AbortCpltCallback                0x08002627   Thumb Code     8  stm32l0xx_hal_i2c.o(.text.HAL_I2C_AbortCpltCallback)
    HAL_I2C_AddrCallback                     0x0800262f   Thumb Code    16  stm32l0xx_hal_i2c.o(.text.HAL_I2C_AddrCallback)
    HAL_I2C_ER_IRQHandler                    0x0800263f   Thumb Code   198  stm32l0xx_hal_i2c.o(.text.HAL_I2C_ER_IRQHandler)
    HAL_I2C_EV_IRQHandler                    0x08002705   Thumb Code    48  stm32l0xx_hal_i2c.o(.text.HAL_I2C_EV_IRQHandler)
    HAL_I2C_ErrorCallback                    0x08002735   Thumb Code     8  stm32l0xx_hal_i2c.o(.text.HAL_I2C_ErrorCallback)
    HAL_I2C_Init                             0x0800273d   Thumb Code   264  stm32l0xx_hal_i2c.o(.text.HAL_I2C_Init)
    HAL_I2C_ListenCpltCallback               0x08002849   Thumb Code     8  stm32l0xx_hal_i2c.o(.text.HAL_I2C_ListenCpltCallback)
    HAL_I2C_Mem_Write                        0x08002851   Thumb Code   600  stm32l0xx_hal_i2c.o(.text.HAL_I2C_Mem_Write)
    HAL_I2C_MspInit                          0x08002aad   Thumb Code   120  stm32l0xx_hal_msp.o(.text.HAL_I2C_MspInit)
    HAL_I2C_SlaveRxCpltCallback              0x08002b2d   Thumb Code     8  stm32l0xx_hal_i2c.o(.text.HAL_I2C_SlaveRxCpltCallback)
    HAL_I2C_SlaveTxCpltCallback              0x08002b35   Thumb Code     8  stm32l0xx_hal_i2c.o(.text.HAL_I2C_SlaveTxCpltCallback)
    HAL_IncTick                              0x08002b3d   Thumb Code    16  stm32l0xx_hal.o(.text.HAL_IncTick)
    HAL_Init                                 0x08002b51   Thumb Code    56  stm32l0xx_hal.o(.text.HAL_Init)
    HAL_InitTick                             0x08002b8d   Thumb Code   100  stm32l0xx_hal.o(.text.HAL_InitTick)
    HAL_MspInit                              0x08002bfd   Thumb Code    44  stm32l0xx_hal_msp.o(.text.HAL_MspInit)
    HAL_NVIC_EnableIRQ                       0x08002c31   Thumb Code    22  stm32l0xx_hal_cortex.o(.text.HAL_NVIC_EnableIRQ)
    HAL_NVIC_SetPriority                     0x08002c47   Thumb Code    28  stm32l0xx_hal_cortex.o(.text.HAL_NVIC_SetPriority)
    HAL_PWR_PVDCallback                      0x08002c63   Thumb Code     2  stm32l0xx_hal_pwr.o(.text.HAL_PWR_PVDCallback)
    HAL_PWR_PVD_IRQHandler                   0x08002c65   Thumb Code    32  stm32l0xx_hal_pwr.o(.text.HAL_PWR_PVD_IRQHandler)
    HAL_RCCEx_PeriphCLKConfig                0x08002c89   Thumb Code   852  stm32l0xx_hal_rcc_ex.o(.text.HAL_RCCEx_PeriphCLKConfig)
    HAL_RCC_ClockConfig                      0x08002ff5   Thumb Code   744  stm32l0xx_hal_rcc.o(.text.HAL_RCC_ClockConfig)
    HAL_RCC_GetHCLKFreq                      0x080032ed   Thumb Code     8  stm32l0xx_hal_rcc.o(.text.HAL_RCC_GetHCLKFreq)
    HAL_RCC_GetPCLK1Freq                     0x080032f9   Thumb Code    28  stm32l0xx_hal_rcc.o(.text.HAL_RCC_GetPCLK1Freq)
    HAL_RCC_GetPCLK2Freq                     0x08003315   Thumb Code    28  stm32l0xx_hal_rcc.o(.text.HAL_RCC_GetPCLK2Freq)
    HAL_RCC_GetSysClockFreq                  0x08003339   Thumb Code   288  stm32l0xx_hal_rcc.o(.text.HAL_RCC_GetSysClockFreq)
    HAL_RCC_OscConfig                        0x08003475   Thumb Code  2124  stm32l0xx_hal_rcc.o(.text.HAL_RCC_OscConfig)
    HAL_SYSTICK_Config                       0x08003ce5   Thumb Code    16  stm32l0xx_hal_cortex.o(.text.HAL_SYSTICK_Config)
    HAL_TIMEx_MasterConfigSynchronization    0x08003cf5   Thumb Code   204  stm32l0xx_hal_tim_ex.o(.text.HAL_TIMEx_MasterConfigSynchronization)
    HAL_TIM_Base_Init                        0x08003dc1   Thumb Code   128  stm32l0xx_hal_tim.o(.text.HAL_TIM_Base_Init)
    HAL_TIM_Base_MspInit                     0x08003e41   Thumb Code    80  stm32l0xx_hal_msp.o(.text.HAL_TIM_Base_MspInit)
    HAL_TIM_Base_Start                       0x08003e9d   Thumb Code   148  stm32l0xx_hal_tim.o(.text.HAL_TIM_Base_Start)
    HAL_TIM_Base_Start_IT                    0x08003f31   Thumb Code   160  stm32l0xx_hal_tim.o(.text.HAL_TIM_Base_Start_IT)
    HAL_TIM_Base_Stop_IT                     0x08003fdd   Thumb Code    64  stm32l0xx_hal_tim.o(.text.HAL_TIM_Base_Stop_IT)
    HAL_TIM_IC_CaptureCallback               0x08004021   Thumb Code     8  stm32l0xx_hal_tim.o(.text.HAL_TIM_IC_CaptureCallback)
    HAL_TIM_IRQHandler                       0x08004029   Thumb Code   510  stm32l0xx_hal_tim.o(.text.HAL_TIM_IRQHandler)
    HAL_TIM_OC_DelayElapsedCallback          0x08004227   Thumb Code     8  stm32l0xx_hal_tim.o(.text.HAL_TIM_OC_DelayElapsedCallback)
    HAL_TIM_PWM_PulseFinishedCallback        0x0800422f   Thumb Code     8  stm32l0xx_hal_tim.o(.text.HAL_TIM_PWM_PulseFinishedCallback)
    HAL_TIM_PeriodElapsedCallback            0x08004239   Thumb Code   580  main.o(.text.HAL_TIM_PeriodElapsedCallback)
    HAL_TIM_TriggerCallback                  0x080044d9   Thumb Code     8  stm32l0xx_hal_tim.o(.text.HAL_TIM_TriggerCallback)
    HAL_UARTEx_RxEventCallback               0x080044e1   Thumb Code    12  stm32l0xx_hal_uart.o(.text.HAL_UARTEx_RxEventCallback)
    HAL_UARTEx_WakeupCallback                0x080044ed   Thumb Code     8  stm32l0xx_hal_uart_ex.o(.text.HAL_UARTEx_WakeupCallback)
    HAL_UART_ErrorCallback                   0x080044f5   Thumb Code     8  stm32l0xx_hal_uart.o(.text.HAL_UART_ErrorCallback)
    HAL_UART_GetError                        0x080044fd   Thumb Code    14  stm32l0xx_hal_uart.o(.text.HAL_UART_GetError)
    HAL_UART_IRQHandler                      0x0800450d   Thumb Code  1300  stm32l0xx_hal_uart.o(.text.HAL_UART_IRQHandler)
    HAL_UART_Init                            0x08004a25   Thumb Code   176  stm32l0xx_hal_uart.o(.text.HAL_UART_Init)
    HAL_UART_MspInit                         0x08004ad5   Thumb Code   120  stm32l0xx_hal_msp.o(.text.HAL_UART_MspInit)
    HAL_UART_Transmit                        0x08004b59   Thumb Code   352  stm32l0xx_hal_uart.o(.text.HAL_UART_Transmit)
    HAL_UART_TxCpltCallback                  0x08004cbd   Thumb Code     8  stm32l0xx_hal_uart.o(.text.HAL_UART_TxCpltCallback)
    HandleError                              0x08004cc5   Thumb Code    16  main.o(.text.HandleError)
    HardFault_Handler                        0x08004cd9   Thumb Code     4  stm32l0xx_it.o(.text.HardFault_Handler)
    I2C1_IRQHandler                          0x08004cdd   Thumb Code    36  stm32l0xx_it.o(.text.I2C1_IRQHandler)
    NMI_Handler                              0x08005e89   Thumb Code     4  stm32l0xx_it.o(.text.NMI_Handler)
    PVD_IRQHandler                           0x08005e8d   Thumb Code     8  stm32l0xx_it.o(.text.PVD_IRQHandler)
    PendSV_Handler                           0x08005e95   Thumb Code     2  stm32l0xx_it.o(.text.PendSV_Handler)
    ReadHumidity                             0x08005e97   Thumb Code   138  main.o(.text.ReadHumidity)
    SVC_Handler                              0x08005f21   Thumb Code     2  stm32l0xx_it.o(.text.SVC_Handler)
    Set_Pin_Input                            0x08005f23   Thumb Code    50  main.o(.text.Set_Pin_Input)
    Set_Pin_Output                           0x08005f55   Thumb Code    50  main.o(.text.Set_Pin_Output)
    SysTick_Handler                          0x08005fd9   Thumb Code     8  stm32l0xx_it.o(.text.SysTick_Handler)
    SystemClock_Config                       0x08005fe1   Thumb Code   164  main.o(.text.SystemClock_Config)
    SystemInit                               0x08006089   Thumb Code     2  system_stm32l0xx.o(.text.SystemInit)
    TIM7_IRQHandler                          0x0800608d   Thumb Code    12  stm32l0xx_it.o(.text.TIM7_IRQHandler)
    UART_AdvFeatureConfig                    0x08006161   Thumb Code   346  stm32l0xx_hal_uart.o(.text.UART_AdvFeatureConfig)
    UART_CheckIdleState                      0x080062bd   Thumb Code   344  stm32l0xx_hal_uart.o(.text.UART_CheckIdleState)
    UART_SetConfig                           0x08006539   Thumb Code  1252  stm32l0xx_hal_uart.o(.text.UART_SetConfig)
    UART_WaitOnFlagUntilTimeout              0x08006a3d   Thumb Code   248  stm32l0xx_hal_uart.o(.text.UART_WaitOnFlagUntilTimeout)
    USART2_IRQHandler                        0x08006b35   Thumb Code    12  stm32l0xx_it.o(.text.USART2_IRQHandler)
    delay                                    0x08006bf1   Thumb Code    40  main.o(.text.delay)
    main                                     0x08006c19   Thumb Code   116  main.o(.text.main)
    ssd1306_DrawPixel                        0x08006ca5   Thumb Code   140  ssd1306.o(.text.ssd1306_DrawPixel)
    ssd1306_Fill                             0x08006d31   Thumb Code    64  ssd1306.o(.text.ssd1306_Fill)
    ssd1306_Init                             0x08006d71   Thumb Code   528  ssd1306.o(.text.ssd1306_Init)
    ssd1306_SetCursor                        0x08006f81   Thumb Code    28  ssd1306.o(.text.ssd1306_SetCursor)
    ssd1306_UpdateScreen                     0x08006fa1   Thumb Code   100  ssd1306.o(.text.ssd1306_UpdateScreen)
    ssd1306_WriteChar                        0x08007009   Thumb Code   240  ssd1306.o(.text.ssd1306_WriteChar)
    ssd1306_WriteString                      0x08007125   Thumb Code    88  ssd1306.o(.text.ssd1306_WriteString)
    __ARM_common_ll_muluu                    0x0800717d   Thumb Code    48  btod.o(i.__ARM_common_ll_muluu)
    __ARM_fpclassify                         0x080071ad   Thumb Code    40  fpclassify.o(i.__ARM_fpclassify)
    _is_digit                                0x080071d9   Thumb Code    14  __printf_wp.o(i._is_digit)
    _get_lc_numeric                          0x080071e9   Thumb Code    44  lc_numeric_c.o(locale$$code)
    _get_lc_ctype                            0x08007215   Thumb Code    44  lc_ctype_c.o(locale$$code)
    __aeabi_fadd                             0x08007241   Thumb Code     0  faddsub.o(x$fpl$fadd)
    _fadd                                    0x08007241   Thumb Code   134  faddsub.o(x$fpl$fadd)
    __aeabi_fsub                             0x080072cd   Thumb Code     0  faddsub.o(x$fpl$fsub)
    _fsub                                    0x080072cd   Thumb Code   204  faddsub.o(x$fpl$fsub)
    _printf_fp_dec                           0x0800739d   Thumb Code    16  printf1.o(x$fpl$printf1)
    _printf_fp_hex                           0x080073ad   Thumb Code    16  printf2.o(x$fpl$printf2)
    __I$use$fp                               0x080073bc   Number         0  usenofp.o(x$fpl$usenofp)
    AHBPrescTable                            0x080074f8   Data          16  system_stm32l0xx.o(.rodata.AHBPrescTable)
    APBPrescTable                            0x08007508   Data           8  system_stm32l0xx.o(.rodata.APBPrescTable)
    PLLMulTable                              0x0800826c   Data           9  system_stm32l0xx.o(.rodata.PLLMulTable)
    Region$$Table$$Base                      0x080082e4   Number         0  anon$$obj.o(Region$$Table)
    Region$$Table$$Limit                     0x08008304   Number         0  anon$$obj.o(Region$$Table)
    __ctype                                  0x0800832d   Data           0  lc_ctype_c.o(locale$$data)
    Font_11x18                               0x20000000   Data           8  fonts.o(.data.Font_11x18)
    OLED1                                    0x20000008   Data           1  main.o(.data.OLED1)
    SystemCoreClock                          0x2000000c   Data           4  system_stm32l0xx.o(.data.SystemCoreClock)
    uwTickFreq                               0x20000010   Data           1  stm32l0xx_hal.o(.data.uwTickFreq)
    uwTickPrio                               0x20000014   Data           4  stm32l0xx_hal.o(.data.uwTickPrio)
    __libspace_start                         0x20000018   Data          96  libspace.o(.bss)
    Avg                                      0x20000078   Data           4  main.o(.bss.Avg)
    __temporary_stack_top$libspace           0x20000078   Data           0  libspace.o(.bss)
    Avg10                                    0x2000007c   Data           4  main.o(.bss.Avg10)
    Diff                                     0x20000080   Data           1  main.o(.bss.Diff)
    Diff10                                   0x20000084   Data           4  main.o(.bss.Diff10)
    Hum1                                     0x20000088   Data           4  main.o(.bss.Hum1)
    Hum2                                     0x2000008c   Data           4  main.o(.bss.Hum2)
    RH1                                      0x20000090   Data           2  main.o(.bss.RH1)
    RH2                                      0x20000092   Data           2  main.o(.bss.RH2)
    hi2c1                                    0x2000049c   Data          84  main.o(.bss.hi2c1)
    htim6                                    0x200004f0   Data          64  main.o(.bss.htim6)
    htim7                                    0x20000530   Data          64  main.o(.bss.htim7)
    huart2                                   0x20000570   Data         136  main.o(.bss.huart2)
    sample                                   0x200005f8   Data           1  main.o(.bss.sample)
    sum1                                     0x200005fc   Data           4  main.o(.bss.sum1)
    sum2                                     0x20000600   Data           4  main.o(.bss.sum2)
    sum3                                     0x20000604   Data           4  main.o(.bss.sum3)
    txBuf                                    0x20000608   Data          64  main.o(.bss.txBuf)
    uwTick                                   0x20000648   Data           4  stm32l0xx_hal.o(.bss.uwTick)



==============================================================================

Memory Map of the image

  Image Entry point : 0x080000c1

  Load Region LR_IROM1 (Base: 0x08000000, Size: 0x00008448, Max: 0x00030000, ABSOLUTE)

    Execution Region ER_IROM1 (Exec base: 0x08000000, Load base: 0x08000000, Size: 0x00008430, Max: 0x00030000, ABSOLUTE)

    Exec Addr    Load Addr    Size         Type   Attr      Idx    E Section Name        Object

    0x08000000   0x08000000   0x000000c0   Data   RO            3    RESET               startup_stm32l073xx.o
    0x080000c0   0x080000c0   0x00000008   Code   RO         1270  * !!!main             c_p.l(__main.o)
    0x080000c8   0x080000c8   0x00000054   Code   RO         1622    !!!scatter          c_p.l(__scatter.o)
    0x0800011c   0x0800011c   0x0000001a   Code   RO         1626    !!handler_copy      c_p.l(__scatter_copy.o)
    0x08000136   0x08000136   0x00000002   PAD
    0x08000138   0x08000138   0x00000002   Code   RO         1623    !!handler_null      c_p.l(__scatter.o)
    0x0800013a   0x0800013a   0x00000002   PAD
    0x0800013c   0x0800013c   0x0000001c   Code   RO         1628    !!handler_zi        c_p.l(__scatter_zi.o)
    0x08000158   0x08000158   0x00000002   Code   RO         1377    .ARM.Collect$$_printf_percent$$00000000  c_p.l(_printf_percent.o)
    0x0800015a   0x0800015a   0x0000000a   Code   RO         1366    .ARM.Collect$$_printf_percent$$00000001  c_p.l(_printf_n.o)
    0x08000164   0x08000164   0x0000000a   Code   RO         1368    .ARM.Collect$$_printf_percent$$00000002  c_p.l(_printf_p.o)
    0x0800016e   0x0800016e   0x0000000a   Code   RO         1373    .ARM.Collect$$_printf_percent$$00000003  c_p.l(_printf_f.o)
    0x08000178   0x08000178   0x0000000a   Code   RO         1374    .ARM.Collect$$_printf_percent$$00000004  c_p.l(_printf_e.o)
    0x08000182   0x08000182   0x0000000a   Code   RO         1375    .ARM.Collect$$_printf_percent$$00000005  c_p.l(_printf_g.o)
    0x0800018c   0x0800018c   0x0000000a   Code   RO         1376    .ARM.Collect$$_printf_percent$$00000006  c_p.l(_printf_a.o)
    0x08000196   0x08000196   0x0000000a   Code   RO         1381    .ARM.Collect$$_printf_percent$$00000007  c_p.l(_printf_ll.o)
    0x080001a0   0x080001a0   0x0000000a   Code   RO         1370    .ARM.Collect$$_printf_percent$$00000008  c_p.l(_printf_i.o)
    0x080001aa   0x080001aa   0x0000000a   Code   RO         1371    .ARM.Collect$$_printf_percent$$00000009  c_p.l(_printf_d.o)
    0x080001b4   0x080001b4   0x0000000a   Code   RO         1372    .ARM.Collect$$_printf_percent$$0000000A  c_p.l(_printf_u.o)
    0x080001be   0x080001be   0x0000000a   Code   RO         1369    .ARM.Collect$$_printf_percent$$0000000B  c_p.l(_printf_o.o)
    0x080001c8   0x080001c8   0x0000000a   Code   RO         1367    .ARM.Collect$$_printf_percent$$0000000C  c_p.l(_printf_x.o)
    0x080001d2   0x080001d2   0x0000000a   Code   RO         1378    .ARM.Collect$$_printf_percent$$0000000D  c_p.l(_printf_lli.o)
    0x080001dc   0x080001dc   0x0000000a   Code   RO         1379    .ARM.Collect$$_printf_percent$$0000000E  c_p.l(_printf_lld.o)
    0x080001e6   0x080001e6   0x0000000a   Code   RO         1380    .ARM.Collect$$_printf_percent$$0000000F  c_p.l(_printf_llu.o)
    0x080001f0   0x080001f0   0x0000000a   Code   RO         1385    .ARM.Collect$$_printf_percent$$00000010  c_p.l(_printf_llo.o)
    0x080001fa   0x080001fa   0x0000000a   Code   RO         1386    .ARM.Collect$$_printf_percent$$00000011  c_p.l(_printf_llx.o)
    0x08000204   0x08000204   0x0000000a   Code   RO         1382    .ARM.Collect$$_printf_percent$$00000012  c_p.l(_printf_l.o)
    0x0800020e   0x0800020e   0x0000000a   Code   RO         1364    .ARM.Collect$$_printf_percent$$00000013  c_p.l(_printf_c.o)
    0x08000218   0x08000218   0x0000000a   Code   RO         1365    .ARM.Collect$$_printf_percent$$00000014  c_p.l(_printf_s.o)
    0x08000222   0x08000222   0x0000000a   Code   RO         1383    .ARM.Collect$$_printf_percent$$00000015  c_p.l(_printf_lc.o)
    0x0800022c   0x0800022c   0x0000000a   Code   RO         1384    .ARM.Collect$$_printf_percent$$00000016  c_p.l(_printf_ls.o)
    0x08000236   0x08000236   0x00000004   Code   RO         1430    .ARM.Collect$$_printf_percent$$00000017  c_p.l(_printf_percent_end.o)
    0x0800023a   0x0800023a   0x00000002   Code   RO         1470    .ARM.Collect$$libinit$$00000000  c_p.l(libinit.o)
    0x0800023c   0x0800023c   0x00000000   Code   RO         1495    .ARM.Collect$$libinit$$00000002  c_p.l(libinit2.o)
    0x0800023c   0x0800023c   0x00000000   Code   RO         1497    .ARM.Collect$$libinit$$00000004  c_p.l(libinit2.o)
    0x0800023c   0x0800023c   0x00000000   Code   RO         1499    .ARM.Collect$$libinit$$00000006  c_p.l(libinit2.o)
    0x0800023c   0x0800023c   0x00000000   Code   RO         1502    .ARM.Collect$$libinit$$0000000C  c_p.l(libinit2.o)
    0x0800023c   0x0800023c   0x00000000   Code   RO         1504    .ARM.Collect$$libinit$$0000000E  c_p.l(libinit2.o)
    0x0800023c   0x0800023c   0x00000000   Code   RO         1506    .ARM.Collect$$libinit$$00000010  c_p.l(libinit2.o)
    0x0800023c   0x0800023c   0x00000006   Code   RO         1507    .ARM.Collect$$libinit$$00000011  c_p.l(libinit2.o)
    0x08000242   0x08000242   0x00000000   Code   RO         1509    .ARM.Collect$$libinit$$00000013  c_p.l(libinit2.o)
    0x08000242   0x08000242   0x0000000c   Code   RO         1510    .ARM.Collect$$libinit$$00000014  c_p.l(libinit2.o)
    0x0800024e   0x0800024e   0x00000000   Code   RO         1511    .ARM.Collect$$libinit$$00000015  c_p.l(libinit2.o)
    0x0800024e   0x0800024e   0x00000000   Code   RO         1513    .ARM.Collect$$libinit$$00000017  c_p.l(libinit2.o)
    0x0800024e   0x0800024e   0x0000000a   Code   RO         1514    .ARM.Collect$$libinit$$00000018  c_p.l(libinit2.o)
    0x08000258   0x08000258   0x00000000   Code   RO         1515    .ARM.Collect$$libinit$$00000019  c_p.l(libinit2.o)
    0x08000258   0x08000258   0x00000000   Code   RO         1517    .ARM.Collect$$libinit$$0000001B  c_p.l(libinit2.o)
    0x08000258   0x08000258   0x00000000   Code   RO         1519    .ARM.Collect$$libinit$$0000001D  c_p.l(libinit2.o)
    0x08000258   0x08000258   0x00000000   Code   RO         1521    .ARM.Collect$$libinit$$0000001F  c_p.l(libinit2.o)
    0x08000258   0x08000258   0x00000000   Code   RO         1523    .ARM.Collect$$libinit$$00000021  c_p.l(libinit2.o)
    0x08000258   0x08000258   0x00000000   Code   RO         1525    .ARM.Collect$$libinit$$00000023  c_p.l(libinit2.o)
    0x08000258   0x08000258   0x00000000   Code   RO         1527    .ARM.Collect$$libinit$$00000025  c_p.l(libinit2.o)
    0x08000258   0x08000258   0x00000000   Code   RO         1529    .ARM.Collect$$libinit$$00000027  c_p.l(libinit2.o)
    0x08000258   0x08000258   0x00000000   Code   RO         1533    .ARM.Collect$$libinit$$0000002E  c_p.l(libinit2.o)
    0x08000258   0x08000258   0x00000000   Code   RO         1535    .ARM.Collect$$libinit$$00000030  c_p.l(libinit2.o)
    0x08000258   0x08000258   0x00000000   Code   RO         1537    .ARM.Collect$$libinit$$00000032  c_p.l(libinit2.o)
    0x08000258   0x08000258   0x00000000   Code   RO         1539    .ARM.Collect$$libinit$$00000034  c_p.l(libinit2.o)
    0x08000258   0x08000258   0x00000002   Code   RO         1540    .ARM.Collect$$libinit$$00000035  c_p.l(libinit2.o)
    0x0800025a   0x0800025a   0x00000002   Code   RO         1577    .ARM.Collect$$libshutdown$$00000000  c_p.l(libshutdown.o)
    0x0800025c   0x0800025c   0x00000000   Code   RO         1605    .ARM.Collect$$libshutdown$$00000002  c_p.l(libshutdown2.o)
    0x0800025c   0x0800025c   0x00000000   Code   RO         1607    .ARM.Collect$$libshutdown$$00000004  c_p.l(libshutdown2.o)
    0x0800025c   0x0800025c   0x00000000   Code   RO         1610    .ARM.Collect$$libshutdown$$00000007  c_p.l(libshutdown2.o)
    0x0800025c   0x0800025c   0x00000000   Code   RO         1613    .ARM.Collect$$libshutdown$$0000000A  c_p.l(libshutdown2.o)
    0x0800025c   0x0800025c   0x00000000   Code   RO         1615    .ARM.Collect$$libshutdown$$0000000C  c_p.l(libshutdown2.o)
    0x0800025c   0x0800025c   0x00000000   Code   RO         1618    .ARM.Collect$$libshutdown$$0000000F  c_p.l(libshutdown2.o)
    0x0800025c   0x0800025c   0x00000002   Code   RO         1619    .ARM.Collect$$libshutdown$$00000010  c_p.l(libshutdown2.o)
    0x0800025e   0x0800025e   0x00000000   Code   RO         1287    .ARM.Collect$$rtentry$$00000000  c_p.l(__rtentry.o)
    0x0800025e   0x0800025e   0x00000000   Code   RO         1397    .ARM.Collect$$rtentry$$00000002  c_p.l(__rtentry2.o)
    0x0800025e   0x0800025e   0x00000006   Code   RO         1409    .ARM.Collect$$rtentry$$00000004  c_p.l(__rtentry4.o)
    0x08000264   0x08000264   0x00000000   Code   RO         1399    .ARM.Collect$$rtentry$$00000009  c_p.l(__rtentry2.o)
    0x08000264   0x08000264   0x00000004   Code   RO         1400    .ARM.Collect$$rtentry$$0000000A  c_p.l(__rtentry2.o)
    0x08000268   0x08000268   0x00000000   Code   RO         1402    .ARM.Collect$$rtentry$$0000000C  c_p.l(__rtentry2.o)
    0x08000268   0x08000268   0x00000008   Code   RO         1403    .ARM.Collect$$rtentry$$0000000D  c_p.l(__rtentry2.o)
    0x08000270   0x08000270   0x00000002   Code   RO         1479    .ARM.Collect$$rtexit$$00000000  c_p.l(rtexit.o)
    0x08000272   0x08000272   0x00000000   Code   RO         1546    .ARM.Collect$$rtexit$$00000002  c_p.l(rtexit2.o)
    0x08000272   0x08000272   0x00000004   Code   RO         1547    .ARM.Collect$$rtexit$$00000003  c_p.l(rtexit2.o)
    0x08000276   0x08000276   0x00000006   Code   RO         1548    .ARM.Collect$$rtexit$$00000004  c_p.l(rtexit2.o)
    0x0800027c   0x0800027c   0x00000038   Code   RO            4    .text               startup_stm32l073xx.o
    0x080002b4   0x080002b4   0x00000030   Code   RO         1254    .text               c_p.l(llmul.o)
    0x080002e4   0x080002e4   0x00000110   Code   RO         1256    .text               c_p.l(lludiv.o)
    0x080003f4   0x080003f4   0x0000002c   Code   RO         1258    .text               c_p.l(sprintf.o)
    0x08000420   0x08000420   0x00000044   Code   RO         1260    .text               c_p.l(strlen.o)
    0x08000464   0x08000464   0x00000040   Code   RO         1262    .text               c_p.l(rt_memclr.o)
    0x080004a4   0x080004a4   0x0000016c   Code   RO         1264    .text               c_p.l(aeabi_sdiv.o)
    0x08000610   0x08000610   0x00000006   Code   RO         1268    .text               c_p.l(heapauxi.o)
    0x08000616   0x08000616   0x00000002   PAD
    0x08000618   0x08000618   0x0000006c   Code   RO         1272    .text               fz_ps.l(dfixi.o)
    0x08000684   0x08000684   0x00000054   Code   RO         1274    .text               fz_ps.l(f2d.o)
    0x080006d8   0x080006d8   0x00000160   Code   RO         1282    .text               fz_ps.l(fdiv.o)
    0x08000838   0x08000838   0x0000005e   Code   RO         1285    .text               fz_ps.l(fflti.o)
    0x08000896   0x08000896   0x0000004e   Code   RO         1298    .text               c_p.l(_printf_pad.o)
    0x080008e4   0x080008e4   0x00000024   Code   RO         1300    .text               c_p.l(_printf_truncate.o)
    0x08000908   0x08000908   0x00000052   Code   RO         1302    .text               c_p.l(_printf_str.o)
    0x0800095a   0x0800095a   0x00000002   PAD
    0x0800095c   0x0800095c   0x0000006c   Code   RO         1304    .text               c_p.l(_printf_dec.o)
    0x080009c8   0x080009c8   0x00000026   Code   RO         1306    .text               c_p.l(_printf_charcount.o)
    0x080009ee   0x080009ee   0x00000002   PAD
    0x080009f0   0x080009f0   0x00000030   Code   RO         1308    .text               c_p.l(_printf_char_common.o)
    0x08000a20   0x08000a20   0x0000000a   Code   RO         1310    .text               c_p.l(_sputc.o)
    0x08000a2a   0x08000a2a   0x00000002   PAD
    0x08000a2c   0x08000a2c   0x000000bc   Code   RO         1312    .text               c_p.l(_printf_wctomb.o)
    0x08000ae8   0x08000ae8   0x00000070   Code   RO         1315    .text               c_p.l(_printf_longlong_dec.o)
    0x08000b58   0x08000b58   0x00000070   Code   RO         1321    .text               c_p.l(_printf_oct_int_ll.o)
    0x08000bc8   0x08000bc8   0x00000098   Code   RO         1341    .text               c_p.l(_printf_hex_int_ll_ptr.o)
    0x08000c60   0x08000c60   0x00000188   Code   RO         1361    .text               c_p.l(__printf_flags_ss_wp.o)
    0x08000de8   0x08000de8   0x0000007a   Code   RO         1413    .text               c_p.l(lludiv10.o)
    0x08000e62   0x08000e62   0x000000b0   Code   RO         1415    .text               c_p.l(_printf_intcommon.o)
    0x08000f12   0x08000f12   0x00000002   PAD
    0x08000f14   0x08000f14   0x00000414   Code   RO         1417    .text               c_p.l(_printf_fp_dec.o)
    0x08001328   0x08001328   0x000002d8   Code   RO         1421    .text               c_p.l(_printf_fp_hex.o)
    0x08001600   0x08001600   0x0000002e   Code   RO         1426    .text               c_p.l(_printf_char.o)
    0x0800162e   0x0800162e   0x0000002e   Code   RO         1428    .text               c_p.l(_printf_wchar.o)
    0x0800165c   0x0800165c   0x00000042   Code   RO         1431    .text               c_p.l(_c16rtomb.o)
    0x0800169e   0x0800169e   0x00000028   Code   RO         1433    .text               c_p.l(rtudiv10.o)
    0x080016c6   0x080016c6   0x0000003e   Code   RO         1435    .text               c_p.l(sys_stackheap_outer.o)
    0x08001704   0x08001704   0x00000010   Code   RO         1438    .text               c_p.l(rt_ctype_table.o)
    0x08001714   0x08001714   0x00000008   Code   RO         1443    .text               c_p.l(rt_locale_intlibspace.o)
    0x0800171c   0x0800171c   0x00000088   Code   RO         1445    .text               c_p.l(_printf_fp_infnan.o)
    0x080017a4   0x080017a4   0x000000d8   Code   RO         1447    .text               c_p.l(bigflt0.o)
    0x0800187c   0x0800187c   0x00000580   Code   RO         1450    .text               c_p.l(btod.o)
    0x08001dfc   0x08001dfc   0x00000010   Code   RO         1459    .text               c_p.l(exit.o)
    0x08001e0c   0x08001e0c   0x00000008   Code   RO         1475    .text               c_p.l(libspace.o)
    0x08001e14   0x08001e14   0x00000088   Code   RO         1492    .text               c_p.l(strcmp.o)
    0x08001e9c   0x08001e9c   0x0000000c   Code   RO         1541    .text               c_p.l(sys_exit.o)
    0x08001ea8   0x08001ea8   0x00000002   Code   RO         1566    .text               c_p.l(use_no_semi.o)
    0x08001eaa   0x08001eaa   0x00000000   Code   RO         1568    .text               c_p.l(indicate_semi.o)
    0x08001eaa   0x08001eaa   0x0000006c   Code   RO           19    .text.DHT11_Check_Response  main.o
    0x08001f16   0x08001f16   0x0000009a   Code   RO           21    .text.DHT11_Read    main.o
    0x08001fb0   0x08001fb0   0x00000068   Code   RO           17    .text.DHT11_Start   main.o
    0x08002018   0x08002018   0x0000000e   Code   RO           43    .text.Error_Handler  main.o
    0x08002026   0x08002026   0x0000007a   Code   RO          607    .text.HAL_DMA_Abort  stm32l0xx_hal_dma.o
    0x080020a0   0x080020a0   0x0000007c   Code   RO          609    .text.HAL_DMA_Abort_IT  stm32l0xx_hal_dma.o
    0x0800211c   0x0800211c   0x0000000e   Code   RO          619    .text.HAL_DMA_GetState  stm32l0xx_hal_dma.o
    0x0800212a   0x0800212a   0x00000002   PAD
    0x0800212c   0x0800212c   0x00000044   Code   RO          326    .text.HAL_Delay     stm32l0xx_hal.o
    0x08002170   0x08002170   0x00000314   Code   RO          574    .text.HAL_GPIO_Init  stm32l0xx_hal_gpio.o
    0x08002484   0x08002484   0x00000032   Code   RO          578    .text.HAL_GPIO_ReadPin  stm32l0xx_hal_gpio.o
    0x080024b6   0x080024b6   0x0000002c   Code   RO          580    .text.HAL_GPIO_WritePin  stm32l0xx_hal_gpio.o
    0x080024e2   0x080024e2   0x00000002   PAD
    0x080024e4   0x080024e4   0x0000000c   Code   RO          318    .text.HAL_GetTick   stm32l0xx_hal.o
    0x080024f0   0x080024f0   0x00000096   Code   RO          287    .text.HAL_I2CEx_ConfigAnalogFilter  stm32l0xx_hal_i2c_ex.o
    0x08002586   0x08002586   0x000000a0   Code   RO          289    .text.HAL_I2CEx_ConfigDigitalFilter  stm32l0xx_hal_i2c_ex.o
    0x08002626   0x08002626   0x00000008   Code   RO          256    .text.HAL_I2C_AbortCpltCallback  stm32l0xx_hal_i2c.o
    0x0800262e   0x0800262e   0x00000010   Code   RO          246    .text.HAL_I2C_AddrCallback  stm32l0xx_hal_i2c.o
    0x0800263e   0x0800263e   0x000000c6   Code   RO          234    .text.HAL_I2C_ER_IRQHandler  stm32l0xx_hal_i2c.o
    0x08002704   0x08002704   0x00000030   Code   RO          232    .text.HAL_I2C_EV_IRQHandler  stm32l0xx_hal_i2c.o
    0x08002734   0x08002734   0x00000008   Code   RO          254    .text.HAL_I2C_ErrorCallback  stm32l0xx_hal_i2c.o
    0x0800273c   0x0800273c   0x0000010c   Code   RO          118    .text.HAL_I2C_Init  stm32l0xx_hal_i2c.o
    0x08002848   0x08002848   0x00000008   Code   RO          248    .text.HAL_I2C_ListenCpltCallback  stm32l0xx_hal_i2c.o
    0x08002850   0x08002850   0x0000025c   Code   RO          182    .text.HAL_I2C_Mem_Write  stm32l0xx_hal_i2c.o
    0x08002aac   0x08002aac   0x00000080   Code   RO           99    .text.HAL_I2C_MspInit  stm32l0xx_hal_msp.o
    0x08002b2c   0x08002b2c   0x00000008   Code   RO          244    .text.HAL_I2C_SlaveRxCpltCallback  stm32l0xx_hal_i2c.o
    0x08002b34   0x08002b34   0x00000008   Code   RO          242    .text.HAL_I2C_SlaveTxCpltCallback  stm32l0xx_hal_i2c.o
    0x08002b3c   0x08002b3c   0x00000014   Code   RO          316    .text.HAL_IncTick   stm32l0xx_hal.o
    0x08002b50   0x08002b50   0x0000003c   Code   RO          306    .text.HAL_Init      stm32l0xx_hal.o
    0x08002b8c   0x08002b8c   0x00000070   Code   RO          308    .text.HAL_InitTick  stm32l0xx_hal.o
    0x08002bfc   0x08002bfc   0x00000034   Code   RO           97    .text.HAL_MspInit   stm32l0xx_hal_msp.o
    0x08002c30   0x08002c30   0x00000016   Code   RO          696    .text.HAL_NVIC_EnableIRQ  stm32l0xx_hal_cortex.o
    0x08002c46   0x08002c46   0x0000001c   Code   RO          692    .text.HAL_NVIC_SetPriority  stm32l0xx_hal_cortex.o
    0x08002c62   0x08002c62   0x00000002   Code   RO          662    .text.HAL_PWR_PVDCallback  stm32l0xx_hal_pwr.o
    0x08002c64   0x08002c64   0x00000024   Code   RO          660    .text.HAL_PWR_PVD_IRQHandler  stm32l0xx_hal_pwr.o
    0x08002c88   0x08002c88   0x0000036c   Code   RO          411    .text.HAL_RCCEx_PeriphCLKConfig  stm32l0xx_hal_rcc_ex.o
    0x08002ff4   0x08002ff4   0x000002f8   Code   RO          384    .text.HAL_RCC_ClockConfig  stm32l0xx_hal_rcc.o
    0x080032ec   0x080032ec   0x0000000c   Code   RO          390    .text.HAL_RCC_GetHCLKFreq  stm32l0xx_hal_rcc.o
    0x080032f8   0x080032f8   0x0000001c   Code   RO          392    .text.HAL_RCC_GetPCLK1Freq  stm32l0xx_hal_rcc.o
    0x08003314   0x08003314   0x00000024   Code   RO          394    .text.HAL_RCC_GetPCLK2Freq  stm32l0xx_hal_rcc.o
    0x08003338   0x08003338   0x0000013c   Code   RO          382    .text.HAL_RCC_GetSysClockFreq  stm32l0xx_hal_rcc.o
    0x08003474   0x08003474   0x00000870   Code   RO          380    .text.HAL_RCC_OscConfig  stm32l0xx_hal_rcc.o
    0x08003ce4   0x08003ce4   0x00000010   Code   RO          708    .text.HAL_SYSTICK_Config  stm32l0xx_hal_cortex.o
    0x08003cf4   0x08003cf4   0x000000cc   Code   RO         1017    .text.HAL_TIMEx_MasterConfigSynchronization  stm32l0xx_hal_tim_ex.o
    0x08003dc0   0x08003dc0   0x00000080   Code   RO          772    .text.HAL_TIM_Base_Init  stm32l0xx_hal_tim.o
    0x08003e40   0x08003e40   0x0000005c   Code   RO          103    .text.HAL_TIM_Base_MspInit  stm32l0xx_hal_msp.o
    0x08003e9c   0x08003e9c   0x00000094   Code   RO          782    .text.HAL_TIM_Base_Start  stm32l0xx_hal_tim.o
    0x08003f30   0x08003f30   0x000000ac   Code   RO          786    .text.HAL_TIM_Base_Start_IT  stm32l0xx_hal_tim.o
    0x08003fdc   0x08003fdc   0x00000044   Code   RO          788    .text.HAL_TIM_Base_Stop_IT  stm32l0xx_hal_tim.o
    0x08004020   0x08004020   0x00000008   Code   RO          908    .text.HAL_TIM_IC_CaptureCallback  stm32l0xx_hal_tim.o
    0x08004028   0x08004028   0x000001fe   Code   RO          906    .text.HAL_TIM_IRQHandler  stm32l0xx_hal_tim.o
    0x08004226   0x08004226   0x00000008   Code   RO          910    .text.HAL_TIM_OC_DelayElapsedCallback  stm32l0xx_hal_tim.o
    0x0800422e   0x0800422e   0x00000008   Code   RO          912    .text.HAL_TIM_PWM_PulseFinishedCallback  stm32l0xx_hal_tim.o
    0x08004236   0x08004236   0x00000002   PAD
    0x08004238   0x08004238   0x000002a0   Code   RO           27    .text.HAL_TIM_PeriodElapsedCallback  main.o
    0x080044d8   0x080044d8   0x00000008   Code   RO          916    .text.HAL_TIM_TriggerCallback  stm32l0xx_hal_tim.o
    0x080044e0   0x080044e0   0x0000000c   Code   RO         1118    .text.HAL_UARTEx_RxEventCallback  stm32l0xx_hal_uart.o
    0x080044ec   0x080044ec   0x00000008   Code   RO         1169    .text.HAL_UARTEx_WakeupCallback  stm32l0xx_hal_uart_ex.o
    0x080044f4   0x080044f4   0x00000008   Code   RO         1116    .text.HAL_UART_ErrorCallback  stm32l0xx_hal_uart.o
    0x080044fc   0x080044fc   0x0000000e   Code   RO         1150    .text.HAL_UART_GetError  stm32l0xx_hal_uart.o
    0x0800450a   0x0800450a   0x00000002   PAD
    0x0800450c   0x0800450c   0x00000518   Code   RO         1112    .text.HAL_UART_IRQHandler  stm32l0xx_hal_uart.o
    0x08004a24   0x08004a24   0x000000b0   Code   RO         1028    .text.HAL_UART_Init  stm32l0xx_hal_uart.o
    0x08004ad4   0x08004ad4   0x00000084   Code   RO          107    .text.HAL_UART_MspInit  stm32l0xx_hal_msp.o
    0x08004b58   0x08004b58   0x00000164   Code   RO         1048    .text.HAL_UART_Transmit  stm32l0xx_hal_uart.o
    0x08004cbc   0x08004cbc   0x00000008   Code   RO         1122    .text.HAL_UART_TxCpltCallback  stm32l0xx_hal_uart.o
    0x08004cc4   0x08004cc4   0x00000014   Code   RO           25    .text.HandleError   main.o
    0x08004cd8   0x08004cd8   0x00000004   Code   RO           74    .text.HardFault_Handler  stm32l0xx_it.o
    0x08004cdc   0x08004cdc   0x00000028   Code   RO           86    .text.I2C1_IRQHandler  stm32l0xx_it.o
    0x08004d04   0x08004d04   0x0000003e   Code   RO          218    .text.I2C_DMAAbort  stm32l0xx_hal_i2c.o
    0x08004d42   0x08004d42   0x000000cc   Code   RO          216    .text.I2C_Disable_IRQ  stm32l0xx_hal_i2c.o
    0x08004e0e   0x08004e0e   0x00000040   Code   RO          142    .text.I2C_Flush_TXDR  stm32l0xx_hal_i2c.o
    0x08004e4e   0x08004e4e   0x00000002   PAD
    0x08004e50   0x08004e50   0x00000130   Code   RO          274    .text.I2C_ITAddrCplt  stm32l0xx_hal_i2c.o
    0x08004f80   0x08004f80   0x000001e8   Code   RO          236    .text.I2C_ITError   stm32l0xx_hal_i2c.o
    0x08005168   0x08005168   0x000000a0   Code   RO          270    .text.I2C_ITListenCplt  stm32l0xx_hal_i2c.o
    0x08005208   0x08005208   0x00000238   Code   RO          268    .text.I2C_ITSlaveCplt  stm32l0xx_hal_i2c.o
    0x08005440   0x08005440   0x000000ca   Code   RO          272    .text.I2C_ITSlaveSeqCplt  stm32l0xx_hal_i2c.o
    0x0800550a   0x0800550a   0x00000002   PAD
    0x0800550c   0x0800550c   0x000001f8   Code   RO          278    .text.I2C_IsErrorOccurred  stm32l0xx_hal_i2c.o
    0x08005704   0x08005704   0x000000bc   Code   RO          184    .text.I2C_RequestMemoryWrite  stm32l0xx_hal_i2c.o
    0x080057c0   0x080057c0   0x00000248   Code   RO          156    .text.I2C_Slave_ISR_IT  stm32l0xx_hal_i2c.o
    0x08005a08   0x08005a08   0x00000054   Code   RO          130    .text.I2C_TransferConfig  stm32l0xx_hal_i2c.o
    0x08005a5c   0x08005a5c   0x00000052   Code   RO          276    .text.I2C_TreatErrorCallback  stm32l0xx_hal_i2c.o
    0x08005aae   0x08005aae   0x000000aa   Code   RO          128    .text.I2C_WaitOnFlagUntilTimeout  stm32l0xx_hal_i2c.o
    0x08005b58   0x08005b58   0x000000a0   Code   RO          134    .text.I2C_WaitOnSTOPFlagUntilTimeout  stm32l0xx_hal_i2c.o
    0x08005bf8   0x08005bf8   0x000000ac   Code   RO          132    .text.I2C_WaitOnTXISFlagUntilTimeout  stm32l0xx_hal_i2c.o
    0x08005ca4   0x08005ca4   0x00000084   Code   RO           33    .text.MX_GPIO_Init  main.o
    0x08005d28   0x08005d28   0x0000006c   Code   RO           35    .text.MX_I2C1_Init  main.o
    0x08005d94   0x08005d94   0x00000058   Code   RO           39    .text.MX_TIM6_Init  main.o
    0x08005dec   0x08005dec   0x00000058   Code   RO           41    .text.MX_TIM7_Init  main.o
    0x08005e44   0x08005e44   0x00000044   Code   RO           37    .text.MX_USART2_UART_Init  main.o
    0x08005e88   0x08005e88   0x00000004   Code   RO           72    .text.NMI_Handler   stm32l0xx_it.o
    0x08005e8c   0x08005e8c   0x00000008   Code   RO           82    .text.PVD_IRQHandler  stm32l0xx_it.o
    0x08005e94   0x08005e94   0x00000002   Code   RO           78    .text.PendSV_Handler  stm32l0xx_it.o
    0x08005e96   0x08005e96   0x0000008a   Code   RO           23    .text.ReadHumidity  main.o
    0x08005f20   0x08005f20   0x00000002   Code   RO           76    .text.SVC_Handler   stm32l0xx_it.o
    0x08005f22   0x08005f22   0x00000032   Code   RO           15    .text.Set_Pin_Input  main.o
    0x08005f54   0x08005f54   0x00000032   Code   RO           13    .text.Set_Pin_Output  main.o
    0x08005f86   0x08005f86   0x00000002   PAD
    0x08005f88   0x08005f88   0x00000050   Code   RO          710    .text.SysTick_Config  stm32l0xx_hal_cortex.o
    0x08005fd8   0x08005fd8   0x00000008   Code   RO           80    .text.SysTick_Handler  stm32l0xx_it.o
    0x08005fe0   0x08005fe0   0x000000a8   Code   RO           31    .text.SystemClock_Config  main.o
    0x08006088   0x08006088   0x00000002   Code   RO         1200    .text.SystemInit    system_stm32l0xx.o
    0x0800608a   0x0800608a   0x00000002   PAD
    0x0800608c   0x0800608c   0x00000010   Code   RO           84    .text.TIM7_IRQHandler  stm32l0xx_it.o
    0x0800609c   0x0800609c   0x000000c4   Code   RO          776    .text.TIM_Base_SetConfig  stm32l0xx_hal_tim.o
    0x08006160   0x08006160   0x0000015a   Code   RO         1034    .text.UART_AdvFeatureConfig  stm32l0xx_hal_uart.o
    0x080062ba   0x080062ba   0x00000002   PAD
    0x080062bc   0x080062bc   0x0000015c   Code   RO         1036    .text.UART_CheckIdleState  stm32l0xx_hal_uart.o
    0x08006418   0x08006418   0x00000024   Code   RO         1114    .text.UART_DMAAbortOnError  stm32l0xx_hal_uart.o
    0x0800643c   0x0800643c   0x000000b0   Code   RO         1084    .text.UART_EndRxTransfer  stm32l0xx_hal_uart.o
    0x080064ec   0x080064ec   0x0000004a   Code   RO         1120    .text.UART_EndTransmit_IT  stm32l0xx_hal_uart.o
    0x08006536   0x08006536   0x00000002   PAD
    0x08006538   0x08006538   0x00000504   Code   RO         1032    .text.UART_SetConfig  stm32l0xx_hal_uart.o
    0x08006a3c   0x08006a3c   0x000000f8   Code   RO         1050    .text.UART_WaitOnFlagUntilTimeout  stm32l0xx_hal_uart.o
    0x08006b34   0x08006b34   0x0000000c   Code   RO           88    .text.USART2_IRQHandler  stm32l0xx_it.o
    0x08006b40   0x08006b40   0x0000002c   Code   RO          698    .text.__NVIC_EnableIRQ  stm32l0xx_hal_cortex.o
    0x08006b6c   0x08006b6c   0x00000084   Code   RO          694    .text.__NVIC_SetPriority  stm32l0xx_hal_cortex.o
    0x08006bf0   0x08006bf0   0x00000028   Code   RO           11    .text.delay         main.o
    0x08006c18   0x08006c18   0x0000008c   Code   RO           29    .text.main          main.o
    0x08006ca4   0x08006ca4   0x0000008c   Code   RO         1234    .text.ssd1306_DrawPixel  ssd1306.o
    0x08006d30   0x08006d30   0x00000040   Code   RO         1230    .text.ssd1306_Fill  ssd1306.o
    0x08006d70   0x08006d70   0x00000210   Code   RO         1226    .text.ssd1306_Init  ssd1306.o
    0x08006f80   0x08006f80   0x00000020   Code   RO         1242    .text.ssd1306_SetCursor  ssd1306.o
    0x08006fa0   0x08006fa0   0x00000068   Code   RO         1232    .text.ssd1306_UpdateScreen  ssd1306.o
    0x08007008   0x08007008   0x000000f4   Code   RO         1236    .text.ssd1306_WriteChar  ssd1306.o
    0x080070fc   0x080070fc   0x00000028   Code   RO         1228    .text.ssd1306_WriteCommand  ssd1306.o
    0x08007124   0x08007124   0x00000058   Code   RO         1238    .text.ssd1306_WriteString  ssd1306.o
    0x0800717c   0x0800717c   0x00000030   Code   RO         1452    i.__ARM_common_ll_muluu  c_p.l(btod.o)
    0x080071ac   0x080071ac   0x0000002c   Code   RO         1473    i.__ARM_fpclassify  m_ps.l(fpclassify.o)
    0x080071d8   0x080071d8   0x0000000e   Code   RO         1354    i._is_digit         c_p.l(__printf_wp.o)
    0x080071e6   0x080071e6   0x00000002   PAD
    0x080071e8   0x080071e8   0x0000002c   Code   RO         1457    locale$$code        c_p.l(lc_numeric_c.o)
    0x08007214   0x08007214   0x0000002c   Code   RO         1486    locale$$code        c_p.l(lc_ctype_c.o)
    0x08007240   0x08007240   0x0000008c   Code   RO         1276    x$fpl$fadd          fz_ps.l(faddsub.o)
    0x080072cc   0x080072cc   0x000000d0   Code   RO         1278    x$fpl$fsub          fz_ps.l(faddsub.o)
    0x0800739c   0x0800739c   0x00000010   Code   RO         1387    x$fpl$printf1       fz_ps.l(printf1.o)
    0x080073ac   0x080073ac   0x00000010   Code   RO         1389    x$fpl$printf2       fz_ps.l(printf2.o)
    0x080073bc   0x080073bc   0x00000000   Code   RO         1395    x$fpl$usenofp       fz_ps.l(usenofp.o)
    0x080073bc   0x080073bc   0x00000040   Data   RO         1283    .constdata          fz_ps.l(fdiv.o)
    0x080073fc   0x080073fc   0x00000008   Data   RO         1313    .constdata          c_p.l(_printf_wctomb.o)
    0x08007404   0x08007404   0x00000028   Data   RO         1342    .constdata          c_p.l(_printf_hex_int_ll_ptr.o)
    0x0800742c   0x0800742c   0x00000011   Data   RO         1362    .constdata          c_p.l(__printf_flags_ss_wp.o)
    0x0800743d   0x0800743d   0x00000026   Data   RO         1422    .constdata          c_p.l(_printf_fp_hex.o)
    0x08007463   0x08007463   0x00000001   PAD
    0x08007464   0x08007464   0x00000094   Data   RO         1448    .constdata          c_p.l(bigflt0.o)
    0x080074f8   0x080074f8   0x00000010   Data   RO         1205    .rodata.AHBPrescTable  system_stm32l0xx.o
    0x08007508   0x08007508   0x00000008   Data   RO         1206    .rodata.APBPrescTable  system_stm32l0xx.o
    0x08007510   0x08007510   0x00000d5c   Data   RO         1219    .rodata.Font11x18   fonts.o
    0x0800826c   0x0800826c   0x00000009   Data   RO         1207    .rodata.PLLMulTable  system_stm32l0xx.o
    0x08008275   0x08008275   0x0000006d   Data   RO           60    .rodata.str1.1      main.o
    0x080082e2   0x080082e2   0x00000002   PAD
    0x080082e4   0x080082e4   0x00000020   Data   RO         1621    Region$$Table       anon$$obj.o
    0x08008304   0x08008304   0x0000001c   Data   RO         1456    locale$$data        c_p.l(lc_numeric_c.o)
    0x08008320   0x08008320   0x00000110   Data   RO         1485    locale$$data        c_p.l(lc_ctype_c.o)


    Execution Region RW_IRAM1 (Exec base: 0x20000000, Load base: 0x08008430, Size: 0x00000c50, Max: 0x00005000, ABSOLUTE)

    Exec Addr    Load Addr    Size         Type   Attr      Idx    E Section Name        Object

    0x20000000   0x08008430   0x00000008   Data   RW         1217    .data.Font_11x18    fonts.o
    0x20000008   0x08008438   0x00000001   Data   RW           59    .data.OLED1         main.o
    0x20000009   0x08008439   0x00000003   PAD
    0x2000000c   0x0800843c   0x00000004   Data   RW         1204    .data.SystemCoreClock  system_stm32l0xx.o
    0x20000010   0x08008440   0x00000001   Data   RW          369    .data.uwTickFreq    stm32l0xx_hal.o
    0x20000011   0x08008441   0x00000003   PAD
    0x20000014   0x08008444   0x00000004   Data   RW          368    .data.uwTickPrio    stm32l0xx_hal.o
    0x20000018        -       0x00000060   Zero   RW         1476    .bss                c_p.l(libspace.o)
    0x20000078        -       0x00000004   Zero   RW           50    .bss.Avg            main.o
    0x2000007c        -       0x00000004   Zero   RW           51    .bss.Avg10          main.o
    0x20000080        -       0x00000001   Zero   RW           56    .bss.Diff           main.o
    0x20000081   0x08008448   0x00000003   PAD
    0x20000084        -       0x00000004   Zero   RW           55    .bss.Diff10         main.o
    0x20000088        -       0x00000004   Zero   RW           48    .bss.Hum1           main.o
    0x2000008c        -       0x00000004   Zero   RW           49    .bss.Hum2           main.o
    0x20000090        -       0x00000002   Zero   RW           46    .bss.RH1            main.o
    0x20000092        -       0x00000002   Zero   RW           47    .bss.RH2            main.o
    0x20000094        -       0x00000006   Zero   RW         1244    .bss.SSD1306        ssd1306.o
    0x2000009a        -       0x00000400   Zero   RW         1245    .bss.SSD1306_Buffer  ssd1306.o
    0x2000049a   0x08008448   0x00000002   PAD
    0x2000049c        -       0x00000054   Zero   RW           61    .bss.hi2c1          main.o
    0x200004f0        -       0x00000040   Zero   RW           45    .bss.htim6          main.o
    0x20000530        -       0x00000040   Zero   RW           63    .bss.htim7          main.o
    0x20000570        -       0x00000088   Zero   RW           58    .bss.huart2         main.o
    0x200005f8        -       0x00000001   Zero   RW           57    .bss.sample         main.o
    0x200005f9   0x08008448   0x00000003   PAD
    0x200005fc        -       0x00000004   Zero   RW           52    .bss.sum1           main.o
    0x20000600        -       0x00000004   Zero   RW           53    .bss.sum2           main.o
    0x20000604        -       0x00000004   Zero   RW           54    .bss.sum3           main.o
    0x20000608        -       0x00000040   Zero   RW           62    .bss.txBuf          main.o
    0x20000648        -       0x00000004   Zero   RW          370    .bss.uwTick         stm32l0xx_hal.o
    0x2000064c   0x08008448   0x00000004   PAD
    0x20000650        -       0x00000200   Zero   RW            2    HEAP                startup_stm32l073xx.o
    0x20000850        -       0x00000400   Zero   RW            1    STACK               startup_stm32l073xx.o


==============================================================================

Image component sizes


      Code (inc. data)   RO Data    RW Data    ZI Data      Debug   Object Name

         0          0       3420          8          0        922   fonts.o
      2142        176        109          1        450      12685   main.o
      1240         12          0          0       1030       6146   ssd1306.o
        56         26        192          0       1536        640   startup_stm32l073xx.o
       272         28          0          5          4       6680   stm32l0xx_hal.o
       322         24          0          0          0       6255   stm32l0xx_hal_cortex.o
       260          0          0          0          0       6300   stm32l0xx_hal_dma.o
       882         44          0          0          0       4765   stm32l0xx_hal_gpio.o
      5170         64          0          0          0      36989   stm32l0xx_hal_i2c.o
       310          0          0          0          0       5370   stm32l0xx_hal_i2c_ex.o
       404         40          0          0          0       9066   stm32l0xx_hal_msp.o
        38          4          0          0          0       4361   stm32l0xx_hal_pwr.o
      3312        172          0          0          0       8943   stm32l0xx_hal_rcc.o
       876         24          0          0          0       7999   stm32l0xx_hal_rcc_ex.o
      1254         28          0          0          0      35022   stm32l0xx_hal_tim.o
       204          0          0          0          0       4195   stm32l0xx_hal_tim_ex.o
      4390        244          0          0          0      35077   stm32l0xx_hal_uart.o
         8          0          0          0          0       8276   stm32l0xx_hal_uart_ex.o
        96          8          0          0          0       1102   stm32l0xx_it.o
         2          0         33          4          0       1956   system_stm32l0xx.o

    ----------------------------------------------------------------------
     21258        894       3788         24       3032     202749   Object Totals
         0          0         32          0          0          0   (incl. Generated)
        20          0          2          6         12          0   (incl. Padding)

    ----------------------------------------------------------------------

      Code (inc. data)   RO Data    RW Data    ZI Data      Debug   Library Member Name

         8          0          0          0          0         68   __main.o
       392          6         17          0          0         76   __printf_flags_ss_wp.o
        14          0          0          0          0         60   __printf_wp.o
         0          0          0          0          0          0   __rtentry.o
        12          0          0          0          0          0   __rtentry2.o
         6          0          0          0          0          0   __rtentry4.o
        86         10          0          0          0          0   __scatter.o
        26          0          0          0          0          0   __scatter_copy.o
        28          0          0          0          0          0   __scatter_zi.o
        66          0          0          0          0         76   _c16rtomb.o
        10          0          0          0          0          0   _printf_a.o
        10          0          0          0          0          0   _printf_c.o
        46          0          0          0          0        100   _printf_char.o
        48          6          0          0          0         88   _printf_char_common.o
        38          0          0          0          0         60   _printf_charcount.o
        10          0          0          0          0          0   _printf_d.o
       108         18          0          0          0         76   _printf_dec.o
        10          0          0          0          0          0   _printf_e.o
        10          0          0          0          0          0   _printf_f.o
      1044         12          0          0          0        116   _printf_fp_dec.o
       728         10         38          0          0         84   _printf_fp_hex.o
       136         16          0          0          0         76   _printf_fp_infnan.o
        10          0          0          0          0          0   _printf_g.o
       152          4         40          0          0        148   _printf_hex_int_ll_ptr.o
        10          0          0          0          0          0   _printf_i.o
       176          0          0          0          0         84   _printf_intcommon.o
        10          0          0          0          0          0   _printf_l.o
        10          0          0          0          0          0   _printf_lc.o
        10          0          0          0          0          0   _printf_ll.o
        10          0          0          0          0          0   _printf_lld.o
        10          0          0          0          0          0   _printf_lli.o
        10          0          0          0          0          0   _printf_llo.o
        10          0          0          0          0          0   _printf_llu.o
        10          0          0          0          0          0   _printf_llx.o
       112         18          0          0          0         76   _printf_longlong_dec.o
        10          0          0          0          0          0   _printf_ls.o
        10          0          0          0          0          0   _printf_n.o
        10          0          0          0          0          0   _printf_o.o
       112         10          0          0          0        112   _printf_oct_int_ll.o
        10          0          0          0          0          0   _printf_p.o
        78          0          0          0          0        100   _printf_pad.o
         2          0          0          0          0          0   _printf_percent.o
         4          0          0          0          0          0   _printf_percent_end.o
        10          0          0          0          0          0   _printf_s.o
        82          0          0          0          0         72   _printf_str.o
        36          0          0          0          0         76   _printf_truncate.o
        10          0          0          0          0          0   _printf_u.o
        46          0          0          0          0        100   _printf_wchar.o
       188          6          8          0          0         80   _printf_wctomb.o
        10          0          0          0          0          0   _printf_x.o
        10          0          0          0          0         60   _sputc.o
       364          4          0          0          0         92   aeabi_sdiv.o
       216          6        148          0          0         80   bigflt0.o
      1456         30          0          0          0        336   btod.o
        16          0          0          0          0         68   exit.o
         6          0          0          0          0        136   heapauxi.o
         0          0          0          0          0          0   indicate_semi.o
        44         10        272          0          0         76   lc_ctype_c.o
        44         10         28          0          0         76   lc_numeric_c.o
         2          0          0          0          0          0   libinit.o
        30          0          0          0          0          0   libinit2.o
         2          0          0          0          0          0   libshutdown.o
         2          0          0          0          0          0   libshutdown2.o
         8          4          0          0         96         68   libspace.o
        48          0          0          0          0         72   llmul.o
       272          0          0          0          0         88   lludiv.o
       122          0          0          0          0         72   lludiv10.o
        16          4          0          0          0         76   rt_ctype_table.o
         8          4          0          0          0         68   rt_locale_intlibspace.o
        64          0          0          0          0        108   rt_memclr.o
         2          0          0          0          0          0   rtexit.o
        10          0          0          0          0          0   rtexit2.o
        40          0          0          0          0         60   rtudiv10.o
        44          4          0          0          0         84   sprintf.o
       136          4          0          0          0         72   strcmp.o
        68          6          0          0          0         72   strlen.o
        12          4          0          0          0         60   sys_exit.o
        62          0          0          0          0         80   sys_stackheap_outer.o
         2          0          0          0          0         68   use_no_semi.o
       108         10          0          0          0         72   dfixi.o
        84          4          0          0          0         60   f2d.o
       348          8          0          0          0        160   faddsub.o
       352         10         64          0          0         92   fdiv.o
        94          0          0          0          0         92   fflti.o
        16          4          0          0          0         76   printf1.o
        16          4          0          0          0         76   printf2.o
         0          0          0          0          0          0   usenofp.o
        44          4          0          0          0         60   fpclassify.o

    ----------------------------------------------------------------------
      8178        250        616          0         96       4388   Library Totals
        16          0          1          0          0          0   (incl. Padding)

    ----------------------------------------------------------------------

      Code (inc. data)   RO Data    RW Data    ZI Data      Debug   Library Name

      7100        206        551          0         96       3700   c_p.l
      1018         40         64          0          0        628   fz_ps.l
        44          4          0          0          0         60   m_ps.l

    ----------------------------------------------------------------------
      8178        250        616          0         96       4388   Library Totals

    ----------------------------------------------------------------------

==============================================================================


      Code (inc. data)   RO Data    RW Data    ZI Data      Debug   

     29436       1144       4404         24       3128     204721   Grand Totals
     29436       1144       4404         24       3128     204721   ELF Image Totals
     29436       1144       4404         24          0          0   ROM Totals

==============================================================================

    Total RO  Size (Code + RO Data)                33840 (  33.05kB)
    Total RW  Size (RW Data + ZI Data)              3152 (   3.08kB)
    Total ROM Size (Code + RO Data + RW Data)      33864 (  33.07kB)

==============================================================================

